
 Start Length Name Class
 0001:00401000 0001BE432H _TEXT                  CODE
 0002:005C0000 000314678H _DATA                  DATA
 0003:008D4678 000006A4CH _BSS                   BSS
 0004:00000000 00000009CH _TLS                   TLS


Detailed map of segments
 0001:00000674 00000155 C=CODE    S=_TEXT    G=(none)   M=C:\BCC\BCC7\LIB\C0W32.OBJ ACBP=A9
 0001:000007CC 00000354 C=CODE    S=_TEXT    G=(none)   M=C:\ALANIT\DEVELOP\BITACORA\OBJ\MAIN.OBJ ACBP=A9
 0001:00000B20 000001D5 C=CODE    S=_TEXT    G=(none)   M=C:\ALANIT\DEVELOP\BITACORA\OBJ\PAGENDA.OBJ ACBP=A9
 0001:00000CF8 0000027D C=CODE    S=_TEXT    G=(none)   M=C:\ALANIT\DEVELOP\BITACORA\OBJ\PAUTORES.OBJ ACBP=A9
 0001:00000F78 0000018D C=CODE    S=_TEXT    G=(none)   M=C:\ALANIT\DEVELOP\BITACORA\OBJ\PCANCIONES.OBJ ACBP=A9
 0001:00001108 0000015D C=CODE    S=_TEXT    G=(none)   M=C:\ALANIT\DEVELOP\BITACORA\OBJ\PCATEGORIAS.OBJ ACBP=A9
 0001:00001268 00000205 C=CODE    S=_TEXT    G=(none)   M=C:\ALANIT\DEVELOP\BITACORA\OBJ\PCOLECCIONES.OBJ ACBP=A9
 0001:00001470 0000018D C=CODE    S=_TEXT    G=(none)   M=C:\ALANIT\DEVELOP\BITACORA\OBJ\PCOMPRAS.OBJ ACBP=A9
 0001:00001600 0000024D C=CODE    S=_TEXT    G=(none)   M=C:\ALANIT\DEVELOP\BITACORA\OBJ\PDISCOS.OBJ ACBP=A9
 0001:00001850 0000021D C=CODE    S=_TEXT    G=(none)   M=C:\ALANIT\DEVELOP\BITACORA\OBJ\PEDITORES.OBJ ACBP=A9
 0001:00001A70 000001A5 C=CODE    S=_TEXT    G=(none)   M=C:\ALANIT\DEVELOP\BITACORA\OBJ\PIDIOMAS.OBJ ACBP=A9
 0001:00001C18 000001ED C=CODE    S=_TEXT    G=(none)   M=C:\ALANIT\DEVELOP\BITACORA\OBJ\PINTERNET.OBJ ACBP=A9
 0001:00001E08 00000235 C=CODE    S=_TEXT    G=(none)   M=C:\ALANIT\DEVELOP\BITACORA\OBJ\PLIBROS.OBJ ACBP=A9
 0001:00002040 00000235 C=CODE    S=_TEXT    G=(none)   M=C:\ALANIT\DEVELOP\BITACORA\OBJ\PMATERIAS.OBJ ACBP=A9
 0001:00002278 000000CD C=CODE    S=_TEXT    G=(none)   M=C:\ALANIT\DEVELOP\BITACORA\OBJ\PNOTAS.OBJ ACBP=A9
 0001:00002348 0000021D C=CODE    S=_TEXT    G=(none)   M=C:\ALANIT\DEVELOP\BITACORA\OBJ\PSOFTWARE.OBJ ACBP=A9
 0001:00002568 000001A5 C=CODE    S=_TEXT    G=(none)   M=C:\ALANIT\DEVELOP\BITACORA\OBJ\PSOPORTES.OBJ ACBP=A9
 0001:00002710 0000021D C=CODE    S=_TEXT    G=(none)   M=C:\ALANIT\DEVELOP\BITACORA\OBJ\PUBICACIONES.OBJ ACBP=A9
 0001:00002930 0000021D C=CODE    S=_TEXT    G=(none)   M=C:\ALANIT\DEVELOP\BITACORA\OBJ\PVIDEOS.OBJ ACBP=A9
 0001:00002B50 0000012D C=CODE    S=_TEXT    G=(none)   M=C:\ALANIT\DEVELOP\BITACORA\OBJ\ZARTICULO.OBJ ACBP=A9
 0001:00002C80 0000015D C=CODE    S=_TEXT    G=(none)   M=C:\ALANIT\DEVELOP\BITACORA\OBJ\ZAUTOR.OBJ ACBP=A9
 0001:00002DE0 0000015D C=CODE    S=_TEXT    G=(none)   M=C:\ALANIT\DEVELOP\BITACORA\OBJ\ZETIQUETAS.OBJ ACBP=A9
 0001:00002F40 00000175 C=CODE    S=_TEXT    G=(none)   M=C:\ALANIT\DEVELOP\BITACORA\OBJ\ZMATERIA.OBJ ACBP=A9
 0001:000030B8 0000015D C=CODE    S=_TEXT    G=(none)   M=C:\ALANIT\DEVELOP\BITACORA\OBJ\ZPERIODI.OBJ ACBP=A9
 0001:00003218 00000175 C=CODE    S=_TEXT    G=(none)   M=C:\ALANIT\DEVELOP\BITACORA\OBJ\ZPUBLICA.OBJ ACBP=A9
 0001:00003390 0000018D C=CODE    S=_TEXT    G=(none)   M=C:\ALANIT\DEVELOP\BITACORA\OBJ\ZTIPODOC.OBJ ACBP=A9
 0001:00003520 000001A5 C=CODE    S=_TEXT    G=(none)   M=C:\ALANIT\DEVELOP\BITACORA\OBJ\ZUBICACI.OBJ ACBP=A9
 0001:000036C8 0000018A C=CODE    S=_TEXT    G=(none)   M=C:\ALANIT\DEVELOP\BITACORA\OBJ\C5BMP.OBJ ACBP=A9
 0001:00003854 00000112 C=CODE    S=_TEXT    G=(none)   M=C:\ALANIT\DEVELOP\BITACORA\OBJ\C5IMGLIS.OBJ ACBP=A9
 0001:00003968 000000B2 C=CODE    S=_TEXT    G=(none)   M=C:\ALANIT\DEVELOP\BITACORA\OBJ\C5TIP.OBJ ACBP=A9
 0001:00003A1C 00000260 C=CODE    S=_TEXT    G=(none)   M=C:\ALANIT\DEVELOP\BITACORA\OBJ\C5VITEM.OBJ ACBP=A9
 0001:00003C7C 000003CD C=CODE    S=_TEXT    G=(none)   M=C:\ALANIT\DEVELOP\BITACORA\OBJ\C5VMENU.OBJ ACBP=A9
 0001:0000404C 000003FD C=CODE    S=_TEXT    G=(none)   M=C:\ALANIT\DEVELOP\BITACORA\OBJ\RPREVIEW.OBJ ACBP=A9
 0001:0000444C 0000012A C=CODE    S=_TEXT    G=(none)   M=C:\ALANIT\DEVELOP\BITACORA\OBJ\TSAYREF.OBJ ACBP=A9
 0001:00004578 000001BD C=CODE    S=_TEXT    G=(none)   M=C:\ALANIT\DEVELOP\BITACORA\OBJ\TABS.OBJ ACBP=A9
 0001:00004738 0000024D C=CODE    S=_TEXT    G=(none)   M=C:\ALANIT\DEVELOP\BITACORA\OBJ\TAUTOGET.OBJ ACBP=A9
 0001:00004988 00000082 C=CODE    S=_TEXT    G=(none)   M=C:\ALANIT\DEVELOP\BITACORA\OBJ\TAGET.OBJ ACBP=A9
 0001:00004A0C 000001C2 C=CODE    S=_TEXT    G=(none)   M=C:\ALANIT\DEVELOP\BITACORA\OBJ\TAGEVER2.OBJ ACBP=A9
 0001:00004BD0 000000B2 C=CODE    S=_TEXT    G=(none)   M=C:\ALANIT\DEVELOP\BITACORA\OBJ\TFSDI.OBJ ACBP=A9
 0001:00004C84 0000015D C=CODE    S=_TEXT    G=(none)   M=C:\ALANIT\DEVELOP\BITACORA\OBJ\TINFORME.OBJ ACBP=A9
 0001:00004DE4 000000CA C=CODE    S=_TEXT    G=(none)   M=C:\ALANIT\DEVELOP\BITACORA\OBJ\UT_BRW.OBJ ACBP=A9
 0001:00004EB0 0000009A C=CODE    S=_TEXT    G=(none)   M=C:\ALANIT\DEVELOP\BITACORA\OBJ\UT_CALEND.OBJ ACBP=A9
 0001:00004F4C 0000033D C=CODE    S=_TEXT    G=(none)   M=C:\ALANIT\DEVELOP\BITACORA\OBJ\UT_COMMON.OBJ ACBP=A9
 0001:0000528C 00000172 C=CODE    S=_TEXT    G=(none)   M=C:\ALANIT\DEVELOP\BITACORA\OBJ\UT_DBF.OBJ ACBP=A9
 0001:00005400 0000018D C=CODE    S=_TEXT    G=(none)   M=C:\ALANIT\DEVELOP\BITACORA\OBJ\UT_INDEX.OBJ ACBP=A9
 0001:00005590 0000009A C=CODE    S=_TEXT    G=(none)   M=C:\ALANIT\DEVELOP\BITACORA\OBJ\UT_OVERRIDE.OBJ ACBP=A9
 0001:0000562C 000000B2 C=CODE    S=_TEXT    G=(none)   M=C:\ALANIT\DEVELOP\BITACORA\OBJ\UT_MSG.OBJ ACBP=A9
 0001:000056E0 00000082 C=CODE    S=_TEXT    G=(none)   M=C:\ALANIT\DEVELOP\BITACORA\OBJ\UT_TIPS.OBJ ACBP=A9
 0001:00005764 000000E2 C=CODE    S=_TEXT    G=(none)   M=C:\ALANIT\DEVELOP\BITACORA\OBJ\UT_UTILIDADES.OBJ ACBP=A9
 0001:00005848 0000006A C=CODE    S=_TEXT    G=(none)   M=C:\ALANIT\DEVELOP\BITACORA\OBJ\UT_XML.OBJ ACBP=A9
 0001:000058B4 000000CA C=CODE    S=_TEXT    G=(none)   M=C:\ALANIT\DEVELOP\BITACORA\OBJ\ZIPBACKUP.OBJ ACBP=A9
 0001:00005980 000002C2 C=CODE    S=_TEXT    G=(none)   M=C:\FIVETECH\FWH1406\LIB1406\FILEXLS.LIB|TFILEXLS ACBP=A9
 0001:00005C44 0000003A C=CODE    S=_TEXT    G=(none)   M=C:\FIVETECH\FWH1406\LIB1406\FILEXLS.LIB|XLSERROR ACBP=A9
 0001:00005C80 00000202 C=CODE    S=_TEXT    G=(none)   M=C:\FIVETECH\FWH1406\LIB1406\FILEXLS.LIB|XLSFUNC ACBP=A9
 0001:00005E84 000001EA C=CODE    S=_TEXT    G=(none)   M=C:\FIVETECH\FWH1905\LIB\FIVEH.LIB|ACTIVEX ACBP=A9
 0001:00006070 0000078D C=CODE    S=_TEXT    G=(none)   M=C:\FIVETECH\FWH1905\LIB\FIVEH.LIB|ADOFUNCS ACBP=A9
 0001:00006800 00000082 C=CODE    S=_TEXT    G=(none)   M=C:\FIVETECH\FWH1905\LIB\FIVEH.LIB|ALERT ACBP=A9
 0001:00006884 0000030D C=CODE    S=_TEXT    G=(none)   M=C:\FIVETECH\FWH1905\LIB\FIVEH.LIB|BAR ACBP=A9
 0001:00006B94 0000039D C=CODE    S=_TEXT    G=(none)   M=C:\FIVETECH\FWH1905\LIB\FIVEH.LIB|BITMAP ACBP=A9
 0001:00006F34 000001D5 C=CODE    S=_TEXT    G=(none)   M=C:\FIVETECH\FWH1905\LIB\FIVEH.LIB|BRUSH ACBP=A9
 0001:0000710C 000003E5 C=CODE    S=_TEXT    G=(none)   M=C:\FIVETECH\FWH1905\LIB\FIVEH.LIB|BTNBMP ACBP=A9
 0001:000074F4 0000015A C=CODE    S=_TEXT    G=(none)   M=C:\FIVETECH\FWH1905\LIB\FIVEH.LIB|BUTTON ACBP=A9
 0001:00007650 000000FA C=CODE    S=_TEXT    G=(none)   M=C:\FIVETECH\FWH1905\LIB\FIVEH.LIB|BUTTONB ACBP=A9
 0001:0000774C 0000006A C=CODE    S=_TEXT    G=(none)   M=C:\FIVETECH\FWH1905\LIB\FIVEH.LIB|CALLSTAC ACBP=A9
 0001:000077B8 0000033D C=CODE    S=_TEXT    G=(none)   M=C:\FIVETECH\FWH1905\LIB\FIVEH.LIB|C5LIB ACBP=A9
 0001:00007AF8 000001A2 C=CODE    S=_TEXT    G=(none)   M=C:\FIVETECH\FWH1905\LIB\FIVEH.LIB|CHECKBOX ACBP=A9
 0001:00007C9C 00000148 C=CODE    S=_TEXT    G=(none)   M=C:\FIVETECH\FWH1905\LIB\FIVEH.LIB|CHECKRES ACBP=A9
 0001:00007DE4 000001B3 C=CODE    S=_TEXT    G=(none)   M=C:\FIVETECH\FWH1905\LIB\FIVEH.LIB|CLIPBRD ACBP=A9
 0001:00007F98 0000039D C=CODE    S=_TEXT    G=(none)   M=C:\FIVETECH\FWH1905\LIB\FIVEH.LIB|COMBOBOX ACBP=A9
 0001:00008338 0000048D C=CODE    S=_TEXT    G=(none)   M=C:\FIVETECH\FWH1905\LIB\FIVEH.LIB|CONTROL ACBP=A9
 0001:000087C8 00000082 C=CODE    S=_TEXT    G=(none)   M=C:\FIVETECH\FWH1905\LIB\FIVEH.LIB|CURSOR ACBP=A9
 0001:0000884C 00000625 C=CODE    S=_TEXT    G=(none)   M=C:\FIVETECH\FWH1905\LIB\FIVEH.LIB|DATAROW ACBP=A9
 0001:00008E74 00000202 C=CODE    S=_TEXT    G=(none)   M=C:\FIVETECH\FWH1905\LIB\FIVEH.LIB|DBCOMBO ACBP=A9
 0001:00009078 000000E2 C=CODE    S=_TEXT    G=(none)   M=C:\FIVETECH\FWH1905\LIB\FIVEH.LIB|DBFFUNC1 ACBP=A9
 0001:0000915C 0000023B C=CODE    S=_TEXT    G=(none)   M=C:\FIVETECH\FWH1905\LIB\FIVEH.LIB|DBFFUNC2 ACBP=A9
 0001:00009398 00000052 C=CODE    S=_TEXT    G=(none)   M=C:\FIVETECH\FWH1905\LIB\FIVEH.LIB|DBFFUNC9 ACBP=A9
 0001:000093EC 000000B2 C=CODE    S=_TEXT    G=(none)   M=C:\FIVETECH\FWH1905\LIB\FIVEH.LIB|DBTOOLS ACBP=A9
 0001:000094A0 000000CA C=CODE    S=_TEXT    G=(none)   M=C:\FIVETECH\FWH1905\LIB\FIVEH.LIB|DDE ACBP=A9
 0001:0000956C 000002F5 C=CODE    S=_TEXT    G=(none)   M=C:\FIVETECH\FWH1905\LIB\FIVEH.LIB|DIALOG ACBP=A9
 0001:00009864 00000082 C=CODE    S=_TEXT    G=(none)   M=C:\FIVETECH\FWH1905\LIB\FIVEH.LIB|DLGFIND ACBP=A9
 0001:000098E8 00000082 C=CODE    S=_TEXT    G=(none)   M=C:\FIVETECH\FWH1905\LIB\FIVEH.LIB|DLGS32 ACBP=A9
 0001:0000996C 00000142 C=CODE    S=_TEXT    G=(none)   M=C:\FIVETECH\FWH1905\LIB\FIVEH.LIB|DOSTOFWH ACBP=A9
 0001:00009AB0 0000006A C=CODE    S=_TEXT    G=(none)   M=C:\FIVETECH\FWH1905\LIB\FIVEH.LIB|DRAWBMP ACBP=A9
 0001:00009B1C 00000172 C=CODE    S=_TEXT    G=(none)   M=C:\FIVETECH\FWH1905\LIB\FIVEH.LIB|EDIT ACBP=A9
 0001:00009C90 00000172 C=CODE    S=_TEXT    G=(none)   M=C:\FIVETECH\FWH1905\LIB\FIVEH.LIB|ERRSYSW ACBP=A9
 0001:00009E04 0000006A C=CODE    S=_TEXT    G=(none)   M=C:\FIVETECH\FWH1905\LIB\FIVEH.LIB|ETC ACBP=A9
 0001:00009E70 00000ABD C=CODE    S=_TEXT    G=(none)   M=C:\FIVETECH\FWH1905\LIB\FIVEH.LIB|FGET ACBP=A9
 0001:0000A930 00000292 C=CODE    S=_TEXT    G=(none)   M=C:\FIVETECH\FWH1905\LIB\FIVEH.LIB|FILENAME ACBP=A9
 0001:0000ABC4 00000082 C=CODE    S=_TEXT    G=(none)   M=C:\FIVETECH\FWH1905\LIB\FIVEH.LIB|FLINE ACBP=A9
 0001:0000AC48 00000265 C=CODE    S=_TEXT    G=(none)   M=C:\FIVETECH\FWH1905\LIB\FIVEH.LIB|FOLDER ACBP=A9
 0001:0000AEB0 00000265 C=CODE    S=_TEXT    G=(none)   M=C:\FIVETECH\FWH1905\LIB\FIVEH.LIB|FONT ACBP=A9
 0001:0000B118 000001D2 C=CODE    S=_TEXT    G=(none)   M=C:\FIVETECH\FWH1905\LIB\FIVEH.LIB|FWBARCOD ACBP=A9
 0001:0000B2EC 000000FA C=CODE    S=_TEXT    G=(none)   M=C:\FIVETECH\FWH1905\LIB\FIVEH.LIB|FWDECODE ACBP=A9
 0001:0000B3E8 0000006A C=CODE    S=_TEXT    G=(none)   M=C:\FIVETECH\FWH1905\LIB\FIVEH.LIB|FWERROR ACBP=A9
 0001:0000B454 00000462 C=CODE    S=_TEXT    G=(none)   M=C:\FIVETECH\FWH1905\LIB\FIVEH.LIB|GETSYSIN ACBP=A9
 0001:0000B8B8 000000E2 C=CODE    S=_TEXT    G=(none)   M=C:\FIVETECH\FWH1905\LIB\FIVEH.LIB|GETTASKS ACBP=A9
 0001:0000B99C 000000FA C=CODE    S=_TEXT    G=(none)   M=C:\FIVETECH\FWH1905\LIB\FIVEH.LIB|GROUP ACBP=A9
 0001:0000BA98 000000E2 C=CODE    S=_TEXT    G=(none)   M=C:\FIVETECH\FWH1905\LIB\FIVEH.LIB|GTF ACBP=A9
 0001:0000BB7C 00000435 C=CODE    S=_TEXT    G=(none)   M=C:\FIVETECH\FWH1905\LIB\FIVEH.LIB|HARBOUR ACBP=A9
 0001:0000BFB4 0000012A C=CODE    S=_TEXT    G=(none)   M=C:\FIVETECH\FWH1905\LIB\FIVEH.LIB|HELP32 ACBP=A9
 0001:0000C0E0 0000035B C=CODE    S=_TEXT    G=(none)   M=C:\FIVETECH\FWH1905\LIB\FIVEH.LIB|HELPCHM ACBP=A9
 0001:0000C43C 00000112 C=CODE    S=_TEXT    G=(none)   M=C:\FIVETECH\FWH1905\LIB\FIVEH.LIB|ICON ACBP=A9
 0001:0000C550 0000042D C=CODE    S=_TEXT    G=(none)   M=C:\FIVETECH\FWH1905\LIB\FIVEH.LIB|IMAGE ACBP=A9
 0001:0000C980 00000505 C=CODE    S=_TEXT    G=(none)   M=C:\FIVETECH\FWH1905\LIB\FIVEH.LIB|IMGTXTIO ACBP=A9
 0001:0000CE88 000000CA C=CODE    S=_TEXT    G=(none)   M=C:\FIVETECH\FWH1905\LIB\FIVEH.LIB|INI ACBP=A9
 0001:0000CF54 0000018A C=CODE    S=_TEXT    G=(none)   M=C:\FIVETECH\FWH1905\LIB\FIVEH.LIB|LINKLIST ACBP=A9
 0001:0000D0E0 0000027D C=CODE    S=_TEXT    G=(none)   M=C:\FIVETECH\FWH1905\LIB\FIVEH.LIB|LISTBOX ACBP=A9
 0001:0000D360 00000112 C=CODE    S=_TEXT    G=(none)   M=C:\FIVETECH\FWH1905\LIB\FIVEH.LIB|LONGNAM2 ACBP=A9
 0001:0000D474 00000115 C=CODE    S=_TEXT    G=(none)   M=C:\FIVETECH\FWH1905\LIB\FIVEH.LIB|MDICHILD ACBP=A9
 0001:0000D58C 00000112 C=CODE    S=_TEXT    G=(none)   M=C:\FIVETECH\FWH1905\LIB\FIVEH.LIB|MDICLIEN ACBP=A9
 0001:0000D6A0 000000FA C=CODE    S=_TEXT    G=(none)   M=C:\FIVETECH\FWH1905\LIB\FIVEH.LIB|MDIFRAME ACBP=A9
 0001:0000D79C 0000018D C=CODE    S=_TEXT    G=(none)   M=C:\FIVETECH\FWH1905\LIB\FIVEH.LIB|MEMOEDIT ACBP=A9
 0001:0000D92C 000004ED C=CODE    S=_TEXT    G=(none)   M=C:\FIVETECH\FWH1905\LIB\FIVEH.LIB|MENU ACBP=A9
 0001:0000DE1C 000001ED C=CODE    S=_TEXT    G=(none)   M=C:\FIVETECH\FWH1905\LIB\FIVEH.LIB|MENUITEM ACBP=A9
 0001:0000E00C 0000033D C=CODE    S=_TEXT    G=(none)   M=C:\FIVETECH\FWH1905\LIB\FIVEH.LIB|MGET ACBP=A9
 0001:0000E34C 000002DD C=CODE    S=_TEXT    G=(none)   M=C:\FIVETECH\FWH1905\LIB\FIVEH.LIB|MSGBAR ACBP=A9
 0001:0000E62C 0000006A C=CODE    S=_TEXT    G=(none)   M=C:\FIVETECH\FWH1905\LIB\FIVEH.LIB|MSGGET ACBP=A9
 0001:0000E698 0000009A C=CODE    S=_TEXT    G=(none)   M=C:\FIVETECH\FWH1905\LIB\FIVEH.LIB|MSGRUN ACBP=A9
 0001:0000E734 00000262 C=CODE    S=_TEXT    G=(none)   M=C:\FIVETECH\FWH1905\LIB\FIVEH.LIB|PGSUPORT ACBP=A9
 0001:0000E998 0000003A C=CODE    S=_TEXT    G=(none)   M=C:\FIVETECH\FWH1905\LIB\FIVEH.LIB|ODATA ACBP=A9
 0001:0000E9D4 000001EA C=CODE    S=_TEXT    G=(none)   M=C:\FIVETECH\FWH1905\LIB\FIVEH.LIB|OLEFUNCS ACBP=A9
 0001:0000EBC0 000002C5 C=CODE    S=_TEXT    G=(none)   M=C:\FIVETECH\FWH1905\LIB\FIVEH.LIB|PDMENU ACBP=A9
 0001:0000EE88 0000009A C=CODE    S=_TEXT    G=(none)   M=C:\FIVETECH\FWH1905\LIB\FIVEH.LIB|PDREPORT ACBP=A9
 0001:0000EF24 0000006A C=CODE    S=_TEXT    G=(none)   M=C:\FIVETECH\FWH1905\LIB\FIVEH.LIB|PEN ACBP=A9
 0001:0000EF90 000003B5 C=CODE    S=_TEXT    G=(none)   M=C:\FIVETECH\FWH1905\LIB\FIVEH.LIB|PRINTER ACBP=A9
 0001:0000F348 0000052A C=CODE    S=_TEXT    G=(none)   M=C:\FIVETECH\FWH1905\LIB\FIVEH.LIB|PRV2PDF ACBP=A9
 0001:0000F874 000001A2 C=CODE    S=_TEXT    G=(none)   M=C:\FIVETECH\FWH1905\LIB\FIVEH.LIB|RADIO ACBP=A9
 0001:0000FA18 00000142 C=CODE    S=_TEXT    G=(none)   M=C:\FIVETECH\FWH1905\LIB\FIVEH.LIB|RADMENU ACBP=A9
 0001:0000FB5C 0000015D C=CODE    S=_TEXT    G=(none)   M=C:\FIVETECH\FWH1905\LIB\FIVEH.LIB|RCOLUMN ACBP=A9
 0001:0000FCBC 00000082 C=CODE    S=_TEXT    G=(none)   M=C:\FIVETECH\FWH1905\LIB\FIVEH.LIB|REBAR ACBP=A9
 0001:0000FD40 0000012A C=CODE    S=_TEXT    G=(none)   M=C:\FIVETECH\FWH1905\LIB\FIVEH.LIB|RECT ACBP=A9
 0001:0000FE6C 000000CA C=CODE    S=_TEXT    G=(none)   M=C:\FIVETECH\FWH1905\LIB\FIVEH.LIB|REG32 ACBP=A9
 0001:0000FF38 00000325 C=CODE    S=_TEXT    G=(none)   M=C:\FIVETECH\FWH1905\LIB\FIVEH.LIB|REPORT ACBP=A9
 0001:00010260 0000009A C=CODE    S=_TEXT    G=(none)   M=C:\FIVETECH\FWH1905\LIB\FIVEH.LIB|RFILE ACBP=A9
 0001:000102FC 000000E2 C=CODE    S=_TEXT    G=(none)   M=C:\FIVETECH\FWH1905\LIB\FIVEH.LIB|RGROUP ACBP=A9
 0001:000103E0 000000E2 C=CODE    S=_TEXT    G=(none)   M=C:\FIVETECH\FWH1905\LIB\FIVEH.LIB|RLINE ACBP=A9
 0001:000104C4 00000142 C=CODE    S=_TEXT    G=(none)   M=C:\FIVETECH\FWH1905\LIB\FIVEH.LIB|SAY ACBP=A9
 0001:00010608 00000A5D C=CODE    S=_TEXT    G=(none)   M=C:\FIVETECH\FWH1905\LIB\FIVEH.LIB|SCINTILA ACBP=A9
 0001:00011068 000000FA C=CODE    S=_TEXT    G=(none)   M=C:\FIVETECH\FWH1905\LIB\FIVEH.LIB|SCRLLBAR ACBP=A9
 0001:00011164 0000024D C=CODE    S=_TEXT    G=(none)   M=C:\FIVETECH\FWH1905\LIB\FIVEH.LIB|SCRLPANL ACBP=A9
 0001:000113B4 000000CA C=CODE    S=_TEXT    G=(none)   M=C:\FIVETECH\FWH1905\LIB\FIVEH.LIB|SHELLAPI ACBP=A9
 0001:00011480 000001D5 C=CODE    S=_TEXT    G=(none)   M=C:\FIVETECH\FWH1905\LIB\FIVEH.LIB|SPLITTER ACBP=A9
 0001:00011658 0000015A C=CODE    S=_TEXT    G=(none)   M=C:\FIVETECH\FWH1905\LIB\FIVEH.LIB|STATUSBA ACBP=A9
 0001:000117B4 00000172 C=CODE    S=_TEXT    G=(none)   M=C:\FIVETECH\FWH1905\LIB\FIVEH.LIB|STRINGS ACBP=A9
 0001:00011928 000000CA C=CODE    S=_TEXT    G=(none)   M=C:\FIVETECH\FWH1905\LIB\FIVEH.LIB|TACCTBL ACBP=A9
 0001:000119F4 0000033D C=CODE    S=_TEXT    G=(none)   M=C:\FIVETECH\FWH1905\LIB\FIVEH.LIB|TCALENDA ACBP=A9
 0001:00011D34 0000006A C=CODE    S=_TEXT    G=(none)   M=C:\FIVETECH\FWH1905\LIB\FIVEH.LIB|TCLIPGET ACBP=A9
 0001:00011DA0 00000142 C=CODE    S=_TEXT    G=(none)   M=C:\FIVETECH\FWH1905\LIB\FIVEH.LIB|TDTPICKE ACBP=A9
 0001:00011EE4 00000172 C=CODE    S=_TEXT    G=(none)   M=C:\FIVETECH\FWH1905\LIB\FIVEH.LIB|TFILE ACBP=A9
 0001:00012058 0000066D C=CODE    S=_TEXT    G=(none)   M=C:\FIVETECH\FWH1905\LIB\FIVEH.LIB|TGDIPLUS ACBP=A9
 0001:000126C8 000005C5 C=CODE    S=_TEXT    G=(none)   M=C:\FIVETECH\FWH1905\LIB\FIVEH.LIB|TGET ACBP=A9
 0001:00012C90 000000B2 C=CODE    S=_TEXT    G=(none)   M=C:\FIVETECH\FWH1905\LIB\FIVEH.LIB|TIMAGLST ACBP=A9
 0001:00012D44 000000B2 C=CODE    S=_TEXT    G=(none)   M=C:\FIVETECH\FWH1905\LIB\FIVEH.LIB|TIMER ACBP=A9
 0001:00012DF8 000001EA C=CODE    S=_TEXT    G=(none)   M=C:\FIVETECH\FWH1905\LIB\FIVEH.LIB|TLISTVIE ACBP=A9
 0001:00012FE4 00000082 C=CODE    S=_TEXT    G=(none)   M=C:\FIVETECH\FWH1905\LIB\FIVEH.LIB|TMAIL ACBP=A9
 0001:00013068 000001D0 C=CODE    S=_TEXT    G=(none)   M=C:\FIVETECH\FWH1905\LIB\FIVEH.LIB|TMETAFIL ACBP=A9
 0001:00013238 00000145 C=CODE    S=_TEXT    G=(none)   M=C:\FIVETECH\FWH1905\LIB\FIVEH.LIB|TMSGITEM ACBP=A9
 0001:00013380 00000142 C=CODE    S=_TEXT    G=(none)   M=C:\FIVETECH\FWH1905\LIB\FIVEH.LIB|TOOLBAR ACBP=A9
 0001:000134C4 000000CA C=CODE    S=_TEXT    G=(none)   M=C:\FIVETECH\FWH1905\LIB\FIVEH.LIB|TPANEL ACBP=A9
 0001:00013590 00000112 C=CODE    S=_TEXT    G=(none)   M=C:\FIVETECH\FWH1905\LIB\FIVEH.LIB|TPROGRES ACBP=A9
 0001:000136A4 00000235 C=CODE    S=_TEXT    G=(none)   M=C:\FIVETECH\FWH1905\LIB\FIVEH.LIB|TRBGROUP ACBP=A9
 0001:000138DC 00000265 C=CODE    S=_TEXT    G=(none)   M=C:\FIVETECH\FWH1905\LIB\FIVEH.LIB|TRBTN ACBP=A9
 0001:00013B44 000003B5 C=CODE    S=_TEXT    G=(none)   M=C:\FIVETECH\FWH1905\LIB\FIVEH.LIB|TRECSET ACBP=A9
 0001:00013EFC 00000232 C=CODE    S=_TEXT    G=(none)   M=C:\FIVETECH\FWH1905\LIB\FIVEH.LIB|TREEITEM ACBP=A9
 0001:00014130 000000B2 C=CODE    S=_TEXT    G=(none)   M=C:\FIVETECH\FWH1905\LIB\FIVEH.LIB|TREES ACBP=A9
 0001:000141E4 000006FD C=CODE    S=_TEXT    G=(none)   M=C:\FIVETECH\FWH1905\LIB\FIVEH.LIB|TRIBBON ACBP=A9
 0001:000148E4 000005DD C=CODE    S=_TEXT    G=(none)   M=C:\FIVETECH\FWH1905\LIB\FIVEH.LIB|TRICHEDI ACBP=A9
 0001:00014EC4 00000865 C=CODE    S=_TEXT    G=(none)   M=C:\FIVETECH\FWH1905\LIB\FIVEH.LIB|TRICHED5 ACBP=A9
 0001:0001572C 00000082 C=CODE    S=_TEXT    G=(none)   M=C:\FIVETECH\FWH1905\LIB\FIVEH.LIB|TRPANEL ACBP=A9
 0001:000157B0 000000E2 C=CODE    S=_TEXT    G=(none)   M=C:\FIVETECH\FWH1905\LIB\FIVEH.LIB|TSTRUCT ACBP=A9
 0001:00015894 0000018D C=CODE    S=_TEXT    G=(none)   M=C:\FIVETECH\FWH1905\LIB\FIVEH.LIB|TSWITCH ACBP=A9
 0001:00015A24 0000015A C=CODE    S=_TEXT    G=(none)   M=C:\FIVETECH\FWH1905\LIB\FIVEH.LIB|TTMPICKE ACBP=A9
 0001:00015B80 0000021A C=CODE    S=_TEXT    G=(none)   M=C:\FIVETECH\FWH1905\LIB\FIVEH.LIB|TTREEVIE ACBP=A9
 0001:00015D9C 00000112 C=CODE    S=_TEXT    G=(none)   M=C:\FIVETECH\FWH1905\LIB\FIVEH.LIB|TTVITEM ACBP=A9
 0001:00015EB0 0000018A C=CODE    S=_TEXT    G=(none)   M=C:\FIVETECH\FWH1905\LIB\FIVEH.LIB|TTXTFILE ACBP=A9
 0001:0001603C 000001A8 C=CODE    S=_TEXT    G=(none)   M=C:\FIVETECH\FWH1905\LIB\FIVEH.LIB|VALBLANK ACBP=A9
 0001:000161E4 00000C16 C=CODE    S=_TEXT    G=(none)   M=C:\FIVETECH\FWH1905\LIB\FIVEH.LIB|VALTOSTR ACBP=A9
 0001:00016DFC 000000F5 C=CODE    S=_TEXT    G=(none)   M=C:\FIVETECH\FWH1905\LIB\FIVEH.LIB|VALTOSTT ACBP=A9
 0001:00016EF4 00000C9D C=CODE    S=_TEXT    G=(none)   M=C:\FIVETECH\FWH1905\LIB\FIVEH.LIB|WINDOW ACBP=A9
 0001:00017B94 0000003A C=CODE    S=_TEXT    G=(none)   M=C:\FIVETECH\FWH1905\LIB\FIVEH.LIB|WQOUT ACBP=A9
 0001:00017BD0 00001CD5 C=CODE    S=_TEXT    G=(none)   M=C:\FIVETECH\FWH1905\LIB\FIVEH.LIB|XBROWSE ACBP=A9
 0001:000198A8 000000B5 C=CODE    S=_TEXT    G=(none)   M=C:\FIVETECH\FWH1905\LIB\FIVEH.LIB|XBROWSER ACBP=A9
 0001:00019960 00000849 C=CODE    S=_TEXT    G=(none)   M=C:\FIVETECH\FWH1905\LIB\FIVEH.LIB|XIMAGE ACBP=A9
 0001:0001A1AC 000000CA C=CODE    S=_TEXT    G=(none)   M=C:\FIVETECH\FWH1905\LIB\FIVEH.LIB|XMLVIEW ACBP=A9
 0001:0001A278 0000007D C=CODE    S=_TEXT    G=(none)   M=C:\FIVETECH\FWH1905\LIB\FIVEHC.LIB|__WNDPRO ACBP=A9
 0001:0001A2F8 00000157 C=CODE    S=_TEXT    G=(none)   M=C:\FIVETECH\FWH1905\LIB\FIVEHC.LIB|BMPREAD ACBP=A9
 0001:0001A450 0000018F C=CODE    S=_TEXT    G=(none)   M=C:\FIVETECH\FWH1905\LIB\FIVEHC.LIB|FFDLGPRC ACBP=A9
 0001:0001A5E0 00000184 C=CODE    S=_TEXT    G=(none)   M=C:\FIVETECH\FWH1905\LIB\FIVEHC.LIB|FFWNDRUN ACBP=A9
 0001:0001A764 0000025E C=CODE    S=_TEXT    G=(none)   M=C:\FIVETECH\FWH1905\LIB\FIVEHC.LIB|HARBOURC ACBP=A9
 0001:0001A9C4 000000D5 C=CODE    S=_TEXT    G=(none)   M=C:\FIVETECH\FWH1905\LIB\FIVEHC.LIB|REBARS ACBP=A9
 0001:0001AA9C 00000212 C=CODE    S=_TEXT    G=(none)   M=C:\FIVETECH\FWH1905\LIB\FIVEHC.LIB|SYSREFRE ACBP=A9
 0001:0001ACB0 000003B6 C=CODE    S=_TEXT    G=(none)   M=C:\FIVETECH\FWH1905\LIB\FIVEHC.LIB|TOOLBARS ACBP=A9
 0001:0001B068 00000228 C=CODE    S=_TEXT    G=(none)   M=C:\FIVETECH\FWH1905\LIB\FIVEHC.LIB|WNDRUN ACBP=A9
 0001:0001B290 00000098 C=CODE    S=_TEXT    G=(none)   M=C:\FIVETECH\FWH1905\LIB\FIVEHC.LIB|XPROC ACBP=A9
 0001:0001B328 00000461 C=CODE    S=_TEXT    G=(none)   M=C:\FIVETECH\FWH1905\LIB\FIVEHC.LIB|DLGBOX ACBP=A9
 0001:0001B78C 00001734 C=CODE    S=_TEXT    G=(none)   M=C:\FIVETECH\FWH1905\LIB\FIVEHC.LIB|CTLHDLEH ACBP=A9
 0001:0001CEC0 000016F8 C=CODE    S=_TEXT    G=(none)   M=C:\FIVETECH\FWH1905\LIB\FIVEHC.LIB|ACTX ACBP=A9
 0001:0001E5B8 00005E0C C=CODE    S=_TEXT    G=(none)   M=C:\FIVETECH\FWH1905\LIB\FIVEHC.LIB|GDIPFWH ACBP=A9
 0001:000243C4 000060C2 C=CODE    S=_TEXT    G=(none)   M=C:\FIVETECH\FWH1905\LIB\FIVEHC.LIB|GDIPLUS ACBP=A9
 0001:0002A464 000000D7 C=CODE    S=_TEXT    G=(none)   M=C:\FIVETECH\FWH1905\LIB\FIVEHC.LIB|AAT ACBP=A9
 0001:0002A53C 000001B4 C=CODE    S=_TEXT    G=(none)   M=C:\FIVETECH\FWH1905\LIB\FIVEHC.LIB|ACCELERA ACBP=A9
 0001:0002A6F0 00000071 C=CODE    S=_TEXT    G=(none)   M=C:\FIVETECH\FWH1905\LIB\FIVEHC.LIB|ATOM ACBP=A9
 0001:0002A764 000000AD C=CODE    S=_TEXT    G=(none)   M=C:\FIVETECH\FWH1905\LIB\FIVEHC.LIB|B2BIN ACBP=A9
 0001:0002A814 00000391 C=CODE    S=_TEXT    G=(none)   M=C:\FIVETECH\FWH1905\LIB\FIVEHC.LIB|BARTOOLS ACBP=A9
 0001:0002ABA8 00000544 C=CODE    S=_TEXT    G=(none)   M=C:\FIVETECH\FWH1905\LIB\FIVEHC.LIB|BITMAPS ACBP=A9
 0001:0002B0EC 00000F40 C=CODE    S=_TEXT    G=(none)   M=C:\FIVETECH\FWH1905\LIB\FIVEHC.LIB|BMPDRAW ACBP=A9
 0001:0002C02C 0000012F C=CODE    S=_TEXT    G=(none)   M=C:\FIVETECH\FWH1905\LIB\FIVEHC.LIB|BMPS ACBP=A9
 0001:0002C15C 00001AAF C=CODE    S=_TEXT    G=(none)   M=C:\FIVETECH\FWH1905\LIB\FIVEHC.LIB|BRUSHES ACBP=A9
 0001:0002DC0C 000047BB C=CODE    S=_TEXT    G=(none)   M=C:\FIVETECH\FWH1905\LIB\FIVEHC.LIB|C5CNEW ACBP=A9
 0001:000323C8 000001CC C=CODE    S=_TEXT    G=(none)   M=C:\FIVETECH\FWH1905\LIB\FIVEHC.LIB|CALDLL32 ACBP=A9
 0001:00032594 0000056B C=CODE    S=_TEXT    G=(none)   M=C:\FIVETECH\FWH1905\LIB\FIVEHC.LIB|CALLDLL ACBP=A9
 0001:00032B00 000004AC C=CODE    S=_TEXT    G=(none)   M=C:\FIVETECH\FWH1905\LIB\FIVEHC.LIB|CALENDAR ACBP=A9
 0001:00032FAC 000000B3 C=CODE    S=_TEXT    G=(none)   M=C:\FIVETECH\FWH1905\LIB\FIVEHC.LIB|CARET ACBP=A9
 0001:00033060 00000068 C=CODE    S=_TEXT    G=(none)   M=C:\FIVETECH\FWH1905\LIB\FIVEHC.LIB|CHANGEPR ACBP=A9
 0001:000330C8 000002B0 C=CODE    S=_TEXT    G=(none)   M=C:\FIVETECH\FWH1905\LIB\FIVEHC.LIB|CLPBRD ACBP=A9
 0001:00033378 0000012E C=CODE    S=_TEXT    G=(none)   M=C:\FIVETECH\FWH1905\LIB\FIVEHC.LIB|CLRCHOOS ACBP=A9
 0001:000334A8 00000104 C=CODE    S=_TEXT    G=(none)   M=C:\FIVETECH\FWH1905\LIB\FIVEHC.LIB|CLT2SCR ACBP=A9
 0001:000335AC 000002B5 C=CODE    S=_TEXT    G=(none)   M=C:\FIVETECH\FWH1905\LIB\FIVEHC.LIB|CODEGTF ACBP=A9
 0001:00033864 00000914 C=CODE    S=_TEXT    G=(none)   M=C:\FIVETECH\FWH1905\LIB\FIVEHC.LIB|COLOR ACBP=A9
 0001:00034178 00000373 C=CODE    S=_TEXT    G=(none)   M=C:\FIVETECH\FWH1905\LIB\FIVEHC.LIB|COLORTON ACBP=A9
 0001:000344EC 0000002C C=CODE    S=_TEXT    G=(none)   M=C:\FIVETECH\FWH1905\LIB\FIVEHC.LIB|CREATEPA ACBP=A9
 0001:00034518 0000002C C=CODE    S=_TEXT    G=(none)   M=C:\FIVETECH\FWH1905\LIB\FIVEHC.LIB|CREATEPE ACBP=A9
 0001:00034544 00000096 C=CODE    S=_TEXT    G=(none)   M=C:\FIVETECH\FWH1905\LIB\FIVEHC.LIB|CREATESO ACBP=A9
 0001:000345DC 000000D6 C=CODE    S=_TEXT    G=(none)   M=C:\FIVETECH\FWH1905\LIB\FIVEHC.LIB|CREATWND ACBP=A9
 0001:000346B4 000002FE C=CODE    S=_TEXT    G=(none)   M=C:\FIVETECH\FWH1905\LIB\FIVEHC.LIB|CTL3D ACBP=A9
 0001:000349B4 000001E4 C=CODE    S=_TEXT    G=(none)   M=C:\FIVETECH\FWH1905\LIB\FIVEHC.LIB|CTRL2CHR ACBP=A9
 0001:00034B98 00000775 C=CODE    S=_TEXT    G=(none)   M=C:\FIVETECH\FWH1905\LIB\FIVEHC.LIB|CTRLDRAW ACBP=A9
 0001:00035310 00000ACC C=CODE    S=_TEXT    G=(none)   M=C:\FIVETECH\FWH1905\LIB\FIVEHC.LIB|CURSORS ACBP=A9
 0001:00035DDC 00000113 C=CODE    S=_TEXT    G=(none)   M=C:\FIVETECH\FWH1905\LIB\FIVEHC.LIB|DATEPICK ACBP=A9
 0001:00035EF0 0000072E C=CODE    S=_TEXT    G=(none)   M=C:\FIVETECH\FWH1905\LIB\FIVEHC.LIB|DC ACBP=A9
 0001:00036620 0000007A C=CODE    S=_TEXT    G=(none)   M=C:\FIVETECH\FWH1905\LIB\FIVEHC.LIB|DDEXC ACBP=A9
 0001:0003669C 00000070 C=CODE    S=_TEXT    G=(none)   M=C:\FIVETECH\FWH1905\LIB\FIVEHC.LIB|DELOBJEC ACBP=A9
 0001:0003670C 000000A1 C=CODE    S=_TEXT    G=(none)   M=C:\FIVETECH\FWH1905\LIB\FIVEHC.LIB|DESKTOP ACBP=A9
 0001:000367B0 0000021D C=CODE    S=_TEXT    G=(none)   M=C:\FIVETECH\FWH1905\LIB\FIVEHC.LIB|DEVICE ACBP=A9
 0001:000369D0 00000558 C=CODE    S=_TEXT    G=(none)   M=C:\FIVETECH\FWH1905\LIB\FIVEHC.LIB|DIB ACBP=A9
 0001:00036F28 000003C9 C=CODE    S=_TEXT    G=(none)   M=C:\FIVETECH\FWH1905\LIB\FIVEHC.LIB|DIBBMP ACBP=A9
 0001:000372F4 000001E0 C=CODE    S=_TEXT    G=(none)   M=C:\FIVETECH\FWH1905\LIB\FIVEHC.LIB|DLG2CHR ACBP=A9
 0001:000374D4 00000034 C=CODE    S=_TEXT    G=(none)   M=C:\FIVETECH\FWH1905\LIB\FIVEHC.LIB|DLL ACBP=A9
 0001:00037508 000002E3 C=CODE    S=_TEXT    G=(none)   M=C:\FIVETECH\FWH1905\LIB\FIVEHC.LIB|DLOGBOX ACBP=A9
 0001:000377EC 000002B5 C=CODE    S=_TEXT    G=(none)   M=C:\FIVETECH\FWH1905\LIB\FIVEHC.LIB|DOTS ACBP=A9
 0001:00037AA4 00000661 C=CODE    S=_TEXT    G=(none)   M=C:\FIVETECH\FWH1905\LIB\FIVEHC.LIB|DRAWING ACBP=A9
 0001:00038108 00000106 C=CODE    S=_TEXT    G=(none)   M=C:\FIVETECH\FWH1905\LIB\FIVEHC.LIB|DRAWITEM ACBP=A9
 0001:00038210 000000D8 C=CODE    S=_TEXT    G=(none)   M=C:\FIVETECH\FWH1905\LIB\FIVEHC.LIB|DRIVES ACBP=A9
 0001:000382E8 000000E8 C=CODE    S=_TEXT    G=(none)   M=C:\FIVETECH\FWH1905\LIB\FIVEHC.LIB|DROPFILE ACBP=A9
 0001:000383D0 0000025C C=CODE    S=_TEXT    G=(none)   M=C:\FIVETECH\FWH1905\LIB\FIVEHC.LIB|FGETCLIP ACBP=A9
 0001:0003862C 00001395 C=CODE    S=_TEXT    G=(none)   M=C:\FIVETECH\FWH1905\LIB\FIVEHC.LIB|FGETLINE ACBP=A9
 0001:000399C4 000000A9 C=CODE    S=_TEXT    G=(none)   M=C:\FIVETECH\FWH1905\LIB\FIVEHC.LIB|FINDTEXT ACBP=A9
 0001:00039A70 00000BD2 C=CODE    S=_TEXT    G=(none)   M=C:\FIVETECH\FWH1905\LIB\FIVEHC.LIB|FONTS ACBP=A9
 0001:0003A644 000002DF C=CODE    S=_TEXT    G=(none)   M=C:\FIVETECH\FWH1905\LIB\FIVEHC.LIB|FTEXT ACBP=A9
 0001:0003A924 00000556 C=CODE    S=_TEXT    G=(none)   M=C:\FIVETECH\FWH1905\LIB\FIVEHC.LIB|FWARRAY ACBP=A9
 0001:0003AE7C 00001B69 C=CODE    S=_TEXT    G=(none)   M=C:\FIVETECH\FWH1905\LIB\FIVEHC.LIB|FWBMP ACBP=A9
 0001:0003C9E8 000002DA C=CODE    S=_TEXT    G=(none)   M=C:\FIVETECH\FWH1905\LIB\FIVEHC.LIB|FWPALCTL ACBP=A9
 0001:0003CCC4 000001E1 C=CODE    S=_TEXT    G=(none)   M=C:\FIVETECH\FWH1905\LIB\FIVEHC.LIB|FWSTR ACBP=A9
 0001:0003CEA8 00000298 C=CODE    S=_TEXT    G=(none)   M=C:\FIVETECH\FWH1905\LIB\FIVEHC.LIB|GETDIR ACBP=A9
 0001:0003D140 0000006C C=CODE    S=_TEXT    G=(none)   M=C:\FIVETECH\FWH1905\LIB\FIVEHC.LIB|GETDLGIT ACBP=A9
 0001:0003D1AC 00000844 C=CODE    S=_TEXT    G=(none)   M=C:\FIVETECH\FWH1905\LIB\FIVEHC.LIB|GETFILE ACBP=A9
 0001:0003D9F0 000000DF C=CODE    S=_TEXT    G=(none)   M=C:\FIVETECH\FWH1905\LIB\FIVEHC.LIB|GETPROCA ACBP=A9
 0001:0003DAD0 0000005E C=CODE    S=_TEXT    G=(none)   M=C:\FIVETECH\FWH1905\LIB\FIVEHC.LIB|GETSTKOB ACBP=A9
 0001:0003DB30 0000027B C=CODE    S=_TEXT    G=(none)   M=C:\FIVETECH\FWH1905\LIB\FIVEHC.LIB|GETTEXT ACBP=A9
 0001:0003DDAC 0000018B C=CODE    S=_TEXT    G=(none)   M=C:\FIVETECH\FWH1905\LIB\FIVEHC.LIB|GETTEXTW ACBP=A9
 0001:0003DF38 000000C4 C=CODE    S=_TEXT    G=(none)   M=C:\FIVETECH\FWH1905\LIB\FIVEHC.LIB|GETWND ACBP=A9
 0001:0003DFFC 000004AA C=CODE    S=_TEXT    G=(none)   M=C:\FIVETECH\FWH1905\LIB\FIVEHC.LIB|HANDLIST ACBP=A9
 0001:0003E4A8 0000026E C=CODE    S=_TEXT    G=(none)   M=C:\FIVETECH\FWH1905\LIB\FIVEHC.LIB|HELP ACBP=A9
 0001:0003E718 000000EA C=CODE    S=_TEXT    G=(none)   M=C:\FIVETECH\FWH1905\LIB\FIVEHC.LIB|HEX2DEC ACBP=A9
 0001:0003E804 000000D4 C=CODE    S=_TEXT    G=(none)   M=C:\FIVETECH\FWH1905\LIB\FIVEHC.LIB|HILOWORD ACBP=A9
 0001:0003E8D8 00000CA2 C=CODE    S=_TEXT    G=(none)   M=C:\FIVETECH\FWH1905\LIB\FIVEHC.LIB|ICONS ACBP=A9
 0001:0003F57C 000001FF C=CODE    S=_TEXT    G=(none)   M=C:\FIVETECH\FWH1905\LIB\FIVEHC.LIB|IMAGELIS ACBP=A9
 0001:0003F77C 00000119 C=CODE    S=_TEXT    G=(none)   M=C:\FIVETECH\FWH1905\LIB\FIVEHC.LIB|INSTANCE ACBP=A9
 0001:0003F898 000001F9 C=CODE    S=_TEXT    G=(none)   M=C:\FIVETECH\FWH1905\LIB\FIVEHC.LIB|KEYBRD ACBP=A9
 0001:0003FA94 00000123 C=CODE    S=_TEXT    G=(none)   M=C:\FIVETECH\FWH1905\LIB\FIVEHC.LIB|LBX ACBP=A9
 0001:0003FBB8 00000526 C=CODE    S=_TEXT    G=(none)   M=C:\FIVETECH\FWH1905\LIB\FIVEHC.LIB|LISTVIEW ACBP=A9
 0001:000400E0 000000B1 C=CODE    S=_TEXT    G=(none)   M=C:\FIVETECH\FWH1905\LIB\FIVEHC.LIB|LOADBMP ACBP=A9
 0001:00040194 00000034 C=CODE    S=_TEXT    G=(none)   M=C:\FIVETECH\FWH1905\LIB\FIVEHC.LIB|MAKELONG ACBP=A9
 0001:000401C8 00000F19 C=CODE    S=_TEXT    G=(none)   M=C:\FIVETECH\FWH1905\LIB\FIVEHC.LIB|MAPI ACBP=A9
 0001:000410E4 00000240 C=CODE    S=_TEXT    G=(none)   M=C:\FIVETECH\FWH1905\LIB\FIVEHC.LIB|MDI ACBP=A9
 0001:00041324 000001BE C=CODE    S=_TEXT    G=(none)   M=C:\FIVETECH\FWH1905\LIB\FIVEHC.LIB|MEM ACBP=A9
 0001:000414E4 00002DAF C=CODE    S=_TEXT    G=(none)   M=C:\FIVETECH\FWH1905\LIB\FIVEHC.LIB|MENUDRAW ACBP=A9
 0001:00044294 00000855 C=CODE    S=_TEXT    G=(none)   M=C:\FIVETECH\FWH1905\LIB\FIVEHC.LIB|MENUS ACBP=A9
 0001:00044AEC 000002B8 C=CODE    S=_TEXT    G=(none)   M=C:\FIVETECH\FWH1905\LIB\FIVEHC.LIB|METAFI32 ACBP=A9
 0001:00044DA4 0000032E C=CODE    S=_TEXT    G=(none)   M=C:\FIVETECH\FWH1905\LIB\FIVEHC.LIB|METAFILE ACBP=A9
 0001:000450D4 00000181 C=CODE    S=_TEXT    G=(none)   M=C:\FIVETECH\FWH1905\LIB\FIVEHC.LIB|MGETCREA ACBP=A9
 0001:00045258 00000293 C=CODE    S=_TEXT    G=(none)   M=C:\FIVETECH\FWH1905\LIB\FIVEHC.LIB|MKDIR ACBP=A9
 0001:000454EC 00000069 C=CODE    S=_TEXT    G=(none)   M=C:\FIVETECH\FWH1905\LIB\FIVEHC.LIB|MOVETO ACBP=A9
 0001:00045558 0000001F C=CODE    S=_TEXT    G=(none)   M=C:\FIVETECH\FWH1905\LIB\FIVEHC.LIB|MSGBEEP ACBP=A9
 0001:00045578 000005D7 C=CODE    S=_TEXT    G=(none)   M=C:\FIVETECH\FWH1905\LIB\FIVEHC.LIB|MSGS ACBP=A9
 0001:00045B50 000003B6 C=CODE    S=_TEXT    G=(none)   M=C:\FIVETECH\FWH1905\LIB\FIVEHC.LIB|MSGSAPI ACBP=A9
 0001:00045F08 0000040C C=CODE    S=_TEXT    G=(none)   M=C:\FIVETECH\FWH1905\LIB\FIVEHC.LIB|MSGTOOLS ACBP=A9
 0001:00046314 00000A02 C=CODE    S=_TEXT    G=(none)   M=C:\FIVETECH\FWH1905\LIB\FIVEHC.LIB|NONCLIENT ACBP=A9
 0001:00046D18 0000006D C=CODE    S=_TEXT    G=(none)   M=C:\FIVETECH\FWH1905\LIB\FIVEHC.LIB|NOTIFY ACBP=A9
 0001:00046D88 000001D5 C=CODE    S=_TEXT    G=(none)   M=C:\FIVETECH\FWH1905\LIB\FIVEHC.LIB|OEMANSI ACBP=A9
 0001:00046F60 00000079 C=CODE    S=_TEXT    G=(none)   M=C:\FIVETECH\FWH1905\LIB\FIVEHC.LIB|ONOFFBMP ACBP=A9
 0001:00046FDC 000001EF C=CODE    S=_TEXT    G=(none)   M=C:\FIVETECH\FWH1905\LIB\FIVEHC.LIB|OR ACBP=A9
 0001:000471CC 00000058 C=CODE    S=_TEXT    G=(none)   M=C:\FIVETECH\FWH1905\LIB\FIVEHC.LIB|PAINT ACBP=A9
 0001:00047224 0000005C C=CODE    S=_TEXT    G=(none)   M=C:\FIVETECH\FWH1905\LIB\FIVEHC.LIB|PEEKMSG ACBP=A9
 0001:00047280 00000C84 C=CODE    S=_TEXT    G=(none)   M=C:\FIVETECH\FWH1905\LIB\FIVEHC.LIB|PRINTDC ACBP=A9
 0001:00047F04 00000215 C=CODE    S=_TEXT    G=(none)   M=C:\FIVETECH\FWH1905\LIB\FIVEHC.LIB|PROFILE ACBP=A9
 0001:0004811C 0000074F C=CODE    S=_TEXT    G=(none)   M=C:\FIVETECH\FWH1905\LIB\FIVEHC.LIB|RECTS ACBP=A9
 0001:0004886C 0000010D C=CODE    S=_TEXT    G=(none)   M=C:\FIVETECH\FWH1905\LIB\FIVEHC.LIB|REGCLASS ACBP=A9
 0001:0004897C 00000391 C=CODE    S=_TEXT    G=(none)   M=C:\FIVETECH\FWH1905\LIB\FIVEHC.LIB|REGEDIT ACBP=A9
 0001:00048D10 0000039C C=CODE    S=_TEXT    G=(none)   M=C:\FIVETECH\FWH1905\LIB\FIVEHC.LIB|REGIONS ACBP=A9
 0001:000490AC 000002B5 C=CODE    S=_TEXT    G=(none)   M=C:\FIVETECH\FWH1905\LIB\FIVEHC.LIB|RESOURCE ACBP=A9
 0001:00049364 00001A15 C=CODE    S=_TEXT    G=(none)   M=C:\FIVETECH\FWH1905\LIB\FIVEHC.LIB|RIBBON ACBP=A9
 0001:0004AD7C 0000212C C=CODE    S=_TEXT    G=(none)   M=C:\FIVETECH\FWH1905\LIB\FIVEHC.LIB|RICHEDIT ACBP=A9
 0001:0004CEA8 0000365E C=CODE    S=_TEXT    G=(none)   M=C:\FIVETECH\FWH1905\LIB\FIVEHC.LIB|RICHEDI5 ACBP=A9
 0001:00050508 000003CA C=CODE    S=_TEXT    G=(none)   M=C:\FIVETECH\FWH1905\LIB\FIVEHC.LIB|SAVEICON ACBP=A9
 0001:000508D4 00000A59 C=CODE    S=_TEXT    G=(none)   M=C:\FIVETECH\FWH1905\LIB\FIVEHC.LIB|SCINTILC ACBP=A9
 0001:00051330 000001EC C=CODE    S=_TEXT    G=(none)   M=C:\FIVETECH\FWH1905\LIB\FIVEHC.LIB|SCROLL ACBP=A9
 0001:0005151C 00000023 C=CODE    S=_TEXT    G=(none)   M=C:\FIVETECH\FWH1905\LIB\FIVEHC.LIB|SELOBJEC ACBP=A9
 0001:00051540 0000001A C=CODE    S=_TEXT    G=(none)   M=C:\FIVETECH\FWH1905\LIB\FIVEHC.LIB|SETHANDL ACBP=A9
 0001:0005155C 00000057 C=CODE    S=_TEXT    G=(none)   M=C:\FIVETECH\FWH1905\LIB\FIVEHC.LIB|SETMAPMO ACBP=A9
 0001:000515B4 0000005B C=CODE    S=_TEXT    G=(none)   M=C:\FIVETECH\FWH1905\LIB\FIVEHC.LIB|SETTEXT ACBP=A9
 0001:00051610 000002CC C=CODE    S=_TEXT    G=(none)   M=C:\FIVETECH\FWH1905\LIB\FIVEHC.LIB|STRTOKEN ACBP=A9
 0001:000518DC 000002B1 C=CODE    S=_TEXT    G=(none)   M=C:\FIVETECH\FWH1905\LIB\FIVEHC.LIB|TABCTRL ACBP=A9
 0001:00051B90 000002DB C=CODE    S=_TEXT    G=(none)   M=C:\FIVETECH\FWH1905\LIB\FIVEHC.LIB|TABCTRLW ACBP=A9
 0001:00051E6C 00000AF9 C=CODE    S=_TEXT    G=(none)   M=C:\FIVETECH\FWH1905\LIB\FIVEHC.LIB|TEXT ACBP=A9
 0001:00052968 00001062 C=CODE    S=_TEXT    G=(none)   M=C:\FIVETECH\FWH1905\LIB\FIVEHC.LIB|THEMES ACBP=A9
 0001:000539CC 000000CB C=CODE    S=_TEXT    G=(none)   M=C:\FIVETECH\FWH1905\LIB\FIVEHC.LIB|TIMEPICK ACBP=A9
 0001:00053A98 00000069 C=CODE    S=_TEXT    G=(none)   M=C:\FIVETECH\FWH1905\LIB\FIVEHC.LIB|TIMERS ACBP=A9
 0001:00053B04 00000346 C=CODE    S=_TEXT    G=(none)   M=C:\FIVETECH\FWH1905\LIB\FIVEHC.LIB|TOOLTIPW ACBP=A9
 0001:00053E4C 00000240 C=CODE    S=_TEXT    G=(none)   M=C:\FIVETECH\FWH1905\LIB\FIVEHC.LIB|TOOLTIPA ACBP=A9
 0001:0005408C 000002DE C=CODE    S=_TEXT    G=(none)   M=C:\FIVETECH\FWH1905\LIB\FIVEHC.LIB|TOUCH ACBP=A9
 0001:0005436C 00000551 C=CODE    S=_TEXT    G=(none)   M=C:\FIVETECH\FWH1905\LIB\FIVEHC.LIB|TREEVIEW ACBP=A9
 0001:000548C0 00001261 C=CODE    S=_TEXT    G=(none)   M=C:\FIVETECH\FWH1905\LIB\FIVEHC.LIB|UNICODE ACBP=A9
 0001:00055B24 00000035 C=CODE    S=_TEXT    G=(none)   M=C:\FIVETECH\FWH1905\LIB\FIVEHC.LIB|WIN2000 ACBP=A9
 0001:00055B5C 000001B6 C=CODE    S=_TEXT    G=(none)   M=C:\FIVETECH\FWH1905\LIB\FIVEHC.LIB|WINDOWS ACBP=A9
 0001:00055D14 0000021C C=CODE    S=_TEXT    G=(none)   M=C:\FIVETECH\FWH1905\LIB\FIVEHC.LIB|WINEXEC ACBP=A9
 0001:00055F30 000000A9 C=CODE    S=_TEXT    G=(none)   M=C:\FIVETECH\FWH1905\LIB\FIVEHC.LIB|WMOUSE ACBP=A9
 0001:00055FDC 00000760 C=CODE    S=_TEXT    G=(none)   M=C:\FIVETECH\FWH1905\LIB\FIVEHC.LIB|WNDBOXES ACBP=A9
 0001:0005673C 00000250 C=CODE    S=_TEXT    G=(none)   M=C:\FIVETECH\FWH1905\LIB\FIVEHC.LIB|WNDCENTE ACBP=A9
 0001:0005698C 00000033 C=CODE    S=_TEXT    G=(none)   M=C:\FIVETECH\FWH1905\LIB\FIVEHC.LIB|WNDDESTR ACBP=A9
 0001:000569C0 000005CF C=CODE    S=_TEXT    G=(none)   M=C:\FIVETECH\FWH1905\LIB\FIVEHC.LIB|WNDIS ACBP=A9
 0001:00056F90 0000007B C=CODE    S=_TEXT    G=(none)   M=C:\FIVETECH\FWH1905\LIB\FIVEHC.LIB|WNDISOVE ACBP=A9
 0001:0005700C 00000272 C=CODE    S=_TEXT    G=(none)   M=C:\FIVETECH\FWH1905\LIB\FIVEHC.LIB|WNDLINES ACBP=A9
 0001:00057280 00000B95 C=CODE    S=_TEXT    G=(none)   M=C:\FIVETECH\FWH1905\LIB\FIVEHC.LIB|WNDMOVE ACBP=A9
 0001:00057E18 000000D1 C=CODE    S=_TEXT    G=(none)   M=C:\FIVETECH\FWH1905\LIB\FIVEHC.LIB|WNDPOS ACBP=A9
 0001:00057EEC 000001BA C=CODE    S=_TEXT    G=(none)   M=C:\FIVETECH\FWH1905\LIB\FIVEHC.LIB|WNDPRINT ACBP=A9
 0001:000580A8 0000039C C=CODE    S=_TEXT    G=(none)   M=C:\FIVETECH\FWH1905\LIB\FIVEHC.LIB|WNDSAY ACBP=A9
 0001:00058444 00000270 C=CODE    S=_TEXT    G=(none)   M=C:\FIVETECH\FWH1905\LIB\FIVEHC.LIB|WNDSCROL ACBP=A9
 0001:000586B4 0000003B C=CODE    S=_TEXT    G=(none)   M=C:\FIVETECH\FWH1905\LIB\FIVEHC.LIB|WNDUPDAT ACBP=A9
 0001:000586F0 0000029A C=CODE    S=_TEXT    G=(none)   M=C:\FIVETECH\FWH1905\LIB\FIVEHC.LIB|XBROWSEC ACBP=A9
 0001:0005898C 00000184 C=CODE    S=_TEXT    G=(none)   M=C:\FIVETECH\HB32_BCC7_1905\LIB\HBRTL.LIB|abs ACBP=A9
 0001:00058B10 00000323 C=CODE    S=_TEXT    G=(none)   M=C:\FIVETECH\HB32_BCC7_1905\LIB\HBRTL.LIB|arc4 ACBP=A9
 0001:00058E34 00000228 C=CODE    S=_TEXT    G=(none)   M=C:\FIVETECH\HB32_BCC7_1905\LIB\HBRTL.LIB|at ACBP=A9
 0001:0005905C 0000010A C=CODE    S=_TEXT    G=(none)   M=C:\FIVETECH\HB32_BCC7_1905\LIB\HBRTL.LIB|binnum ACBP=A9
 0001:00059168 0000471E C=CODE    S=_TEXT    G=(none)   M=C:\FIVETECH\HB32_BCC7_1905\LIB\HBRTL.LIB|cdpapi ACBP=A9
 0001:0005D888 00000CE2 C=CODE    S=_TEXT    G=(none)   M=C:\FIVETECH\HB32_BCC7_1905\LIB\HBRTL.LIB|cdpapihb ACBP=A9
 0001:0005E56C 000000E3 C=CODE    S=_TEXT    G=(none)   M=C:\FIVETECH\HB32_BCC7_1905\LIB\HBRTL.LIB|chrasc ACBP=A9
 0001:0005E650 00000F49 C=CODE    S=_TEXT    G=(none)   M=C:\FIVETECH\HB32_BCC7_1905\LIB\HBRTL.LIB|chruni ACBP=A9
 0001:0005F59C 000000AB C=CODE    S=_TEXT    G=(none)   M=C:\FIVETECH\HB32_BCC7_1905\LIB\HBRTL.LIB|colorind ACBP=A9
 0001:0005F648 00000B55 C=CODE    S=_TEXT    G=(none)   M=C:\FIVETECH\HB32_BCC7_1905\LIB\HBRTL.LIB|console ACBP=A9
 0001:000601A0 000001E6 C=CODE    S=_TEXT    G=(none)   M=C:\FIVETECH\HB32_BCC7_1905\LIB\HBRTL.LIB|copyfile ACBP=A9
 0001:00060388 000000EC C=CODE    S=_TEXT    G=(none)   M=C:\FIVETECH\HB32_BCC7_1905\LIB\HBRTL.LIB|cputime ACBP=A9
 0001:00060474 00000175 C=CODE    S=_TEXT    G=(none)   M=C:\FIVETECH\HB32_BCC7_1905\LIB\HBRTL.LIB|datec ACBP=A9
 0001:000605EC 00000B22 C=CODE    S=_TEXT    G=(none)   M=C:\FIVETECH\HB32_BCC7_1905\LIB\HBRTL.LIB|dates ACBP=A9
 0001:00061110 00000F9F C=CODE    S=_TEXT    G=(none)   M=C:\FIVETECH\HB32_BCC7_1905\LIB\HBRTL.LIB|dateshb ACBP=A9
 0001:000620B0 00000032 C=CODE    S=_TEXT    G=(none)   M=C:\FIVETECH\HB32_BCC7_1905\LIB\HBRTL.LIB|datesx ACBP=A9
 0001:000620E4 000001BC C=CODE    S=_TEXT    G=(none)   M=C:\FIVETECH\HB32_BCC7_1905\LIB\HBRTL.LIB|dirdrive ACBP=A9
 0001:000622A0 000001B4 C=CODE    S=_TEXT    G=(none)   M=C:\FIVETECH\HB32_BCC7_1905\LIB\HBRTL.LIB|direct ACBP=A9
 0001:00062454 0000039B C=CODE    S=_TEXT    G=(none)   M=C:\FIVETECH\HB32_BCC7_1905\LIB\HBRTL.LIB|disksphb ACBP=A9
 0001:000627F0 000000F6 C=CODE    S=_TEXT    G=(none)   M=C:\FIVETECH\HB32_BCC7_1905\LIB\HBRTL.LIB|do ACBP=A9
 0001:000628E8 00000234 C=CODE    S=_TEXT    G=(none)   M=C:\FIVETECH\HB32_BCC7_1905\LIB\HBRTL.LIB|empty ACBP=A9
 0001:00062B1C 00001517 C=CODE    S=_TEXT    G=(none)   M=C:\FIVETECH\HB32_BCC7_1905\LIB\HBRTL.LIB|errapi ACBP=A9
 0001:00064034 00000046 C=CODE    S=_TEXT    G=(none)   M=C:\FIVETECH\HB32_BCC7_1905\LIB\HBRTL.LIB|errint ACBP=A9
 0001:0006407C 000002D4 C=CODE    S=_TEXT    G=(none)   M=C:\FIVETECH\HB32_BCC7_1905\LIB\HBRTL.LIB|errintlo ACBP=A9
 0001:00064350 000000E1 C=CODE    S=_TEXT    G=(none)   M=C:\FIVETECH\HB32_BCC7_1905\LIB\HBRTL.LIB|file ACBP=A9
 0001:00064434 000016F0 C=CODE    S=_TEXT    G=(none)   M=C:\FIVETECH\HB32_BCC7_1905\LIB\HBRTL.LIB|filebuf ACBP=A9
 0001:00065B24 00000027 C=CODE    S=_TEXT    G=(none)   M=C:\FIVETECH\HB32_BCC7_1905\LIB\HBRTL.LIB|filehb ACBP=A9
 0001:00065B4C 000023D7 C=CODE    S=_TEXT    G=(none)   M=C:\FIVETECH\HB32_BCC7_1905\LIB\HBRTL.LIB|filesys ACBP=A9
 0001:00067F24 00000017 C=CODE    S=_TEXT    G=(none)   M=C:\FIVETECH\HB32_BCC7_1905\LIB\HBRTL.LIB|fmhb ACBP=A9
 0001:00067F3C 0000009C C=CODE    S=_TEXT    G=(none)   M=C:\FIVETECH\HB32_BCC7_1905\LIB\HBRTL.LIB|fnsplit ACBP=A9
 0001:00067FD8 00000172 C=CODE    S=_TEXT    G=(none)   M=C:\FIVETECH\HB32_BCC7_1905\LIB\HBRTL.LIB|fscopy ACBP=A9
 0001:0006814C 000000CA C=CODE    S=_TEXT    G=(none)   M=C:\FIVETECH\HB32_BCC7_1905\LIB\HBRTL.LIB|fserr ACBP=A9
 0001:00068218 000003C6 C=CODE    S=_TEXT    G=(none)   M=C:\FIVETECH\HB32_BCC7_1905\LIB\HBRTL.LIB|fslink ACBP=A9
 0001:000685E0 0000018B C=CODE    S=_TEXT    G=(none)   M=C:\FIVETECH\HB32_BCC7_1905\LIB\HBRTL.LIB|fssize ACBP=A9
 0001:0006876C 000003FF C=CODE    S=_TEXT    G=(none)   M=C:\FIVETECH\HB32_BCC7_1905\LIB\HBRTL.LIB|fstemp ACBP=A9
 0001:00068B6C 000000DC C=CODE    S=_TEXT    G=(none)   M=C:\FIVETECH\HB32_BCC7_1905\LIB\HBRTL.LIB|gete ACBP=A9
 0001:00068C48 000011D2 C=CODE    S=_TEXT    G=(none)   M=C:\FIVETECH\HB32_BCC7_1905\LIB\HBRTL.LIB|gtapi ACBP=A9
 0001:00069E1C 00000355 C=CODE    S=_TEXT    G=(none)   M=C:\FIVETECH\HB32_BCC7_1905\LIB\HBRTL.LIB|gtclip ACBP=A9
 0001:0006A174 00000225 C=CODE    S=_TEXT    G=(none)   M=C:\FIVETECH\HB32_BCC7_1905\LIB\HBRTL.LIB|gtkbstat ACBP=A9
 0001:0006A39C 00000280 C=CODE    S=_TEXT    G=(none)   M=C:\FIVETECH\HB32_BCC7_1905\LIB\HBRTL.LIB|gttone ACBP=A9
 0001:0006A61C 0000017F C=CODE    S=_TEXT    G=(none)   M=C:\FIVETECH\HB32_BCC7_1905\LIB\HBRTL.LIB|hbadler ACBP=A9
 0001:0006A79C 000001F7 C=CODE    S=_TEXT    G=(none)   M=C:\FIVETECH\HB32_BCC7_1905\LIB\HBRTL.LIB|hbascii ACBP=A9
 0001:0006A994 0000030F C=CODE    S=_TEXT    G=(none)   M=C:\FIVETECH\HB32_BCC7_1905\LIB\HBRTL.LIB|hbbit ACBP=A9
 0001:0006ACA4 0000050A C=CODE    S=_TEXT    G=(none)   M=C:\FIVETECH\HB32_BCC7_1905\LIB\HBRTL.LIB|hbcrc ACBP=A9
 0001:0006B1B0 000000AE C=CODE    S=_TEXT    G=(none)   M=C:\FIVETECH\HB32_BCC7_1905\LIB\HBRTL.LIB|hbdef ACBP=A9
 0001:0006B260 00000047 C=CODE    S=_TEXT    G=(none)   M=C:\FIVETECH\HB32_BCC7_1905\LIB\HBRTL.LIB|hbfile ACBP=A9
 0001:0006B2A8 00000149 C=CODE    S=_TEXT    G=(none)   M=C:\FIVETECH\HB32_BCC7_1905\LIB\HBRTL.LIB|hbfilehc ACBP=A9
 0001:0006B3F4 000050EC C=CODE    S=_TEXT    G=(none)   M=C:\FIVETECH\HB32_BCC7_1905\LIB\HBRTL.LIB|hbgtcore ACBP=A9
 0001:000704E0 000003D2 C=CODE    S=_TEXT    G=(none)   M=C:\FIVETECH\HB32_BCC7_1905\LIB\HBRTL.LIB|hbhex ACBP=A9
 0001:000708B4 00001852 C=CODE    S=_TEXT    G=(none)   M=C:\FIVETECH\HB32_BCC7_1905\LIB\HBRTL.LIB|hbi18n1 ACBP=A9
 0001:00072108 00001090 C=CODE    S=_TEXT    G=(none)   M=C:\FIVETECH\HB32_BCC7_1905\LIB\HBRTL.LIB|hbjson ACBP=A9
 0001:00073198 0000016A C=CODE    S=_TEXT    G=(none)   M=C:\FIVETECH\HB32_BCC7_1905\LIB\HBRTL.LIB|hbntos ACBP=A9
 0001:00073304 00000096 C=CODE    S=_TEXT    G=(none)   M=C:\FIVETECH\HB32_BCC7_1905\LIB\HBRTL.LIB|hbrand ACBP=A9
 0001:0007339C 000002FC C=CODE    S=_TEXT    G=(none)   M=C:\FIVETECH\HB32_BCC7_1905\LIB\HBRTL.LIB|hbrandom ACBP=A9
 0001:00073698 00000A56 C=CODE    S=_TEXT    G=(none)   M=C:\FIVETECH\HB32_BCC7_1905\LIB\HBRTL.LIB|hbregex ACBP=A9
 0001:000740F0 000001D1 C=CODE    S=_TEXT    G=(none)   M=C:\FIVETECH\HB32_BCC7_1905\LIB\HBRTL.LIB|hbregexc ACBP=A9
 0001:000742C4 000000AB C=CODE    S=_TEXT    G=(none)   M=C:\FIVETECH\HB32_BCC7_1905\LIB\HBRTL.LIB|hbstrsh ACBP=A9
 0001:00074370 00000773 C=CODE    S=_TEXT    G=(none)   M=C:\FIVETECH\HB32_BCC7_1905\LIB\HBRTL.LIB|hbtoken ACBP=A9
 0001:00074AE4 000000BE C=CODE    S=_TEXT    G=(none)   M=C:\FIVETECH\HB32_BCC7_1905\LIB\HBRTL.LIB|hbzlibc ACBP=A9
 0001:00074BA4 00000322 C=CODE    S=_TEXT    G=(none)   M=C:\FIVETECH\HB32_BCC7_1905\LIB\HBRTL.LIB|idle ACBP=A9
 0001:00074EC8 0000050B C=CODE    S=_TEXT    G=(none)   M=C:\FIVETECH\HB32_BCC7_1905\LIB\HBRTL.LIB|inkey ACBP=A9
 0001:000753D4 000005E3 C=CODE    S=_TEXT    G=(none)   M=C:\FIVETECH\HB32_BCC7_1905\LIB\HBRTL.LIB|inkeyapi ACBP=A9
 0001:000759B8 000000B0 C=CODE    S=_TEXT    G=(none)   M=C:\FIVETECH\HB32_BCC7_1905\LIB\HBRTL.LIB|is ACBP=A9
 0001:00075A68 000031D2 C=CODE    S=_TEXT    G=(none)   M=C:\FIVETECH\HB32_BCC7_1905\LIB\HBRTL.LIB|itemseri ACBP=A9
 0001:00078C3C 000004CD C=CODE    S=_TEXT    G=(none)   M=C:\FIVETECH\HB32_BCC7_1905\LIB\HBRTL.LIB|langapi ACBP=A9
 0001:0007910C 000001BA C=CODE    S=_TEXT    G=(none)   M=C:\FIVETECH\HB32_BCC7_1905\LIB\HBRTL.LIB|left ACBP=A9
 0001:000792C8 00000096 C=CODE    S=_TEXT    G=(none)   M=C:\FIVETECH\HB32_BCC7_1905\LIB\HBRTL.LIB|len ACBP=A9
 0001:00079360 00000984 C=CODE    S=_TEXT    G=(none)   M=C:\FIVETECH\HB32_BCC7_1905\LIB\HBRTL.LIB|math ACBP=A9
 0001:00079CE4 0000007F C=CODE    S=_TEXT    G=(none)   M=C:\FIVETECH\HB32_BCC7_1905\LIB\HBRTL.LIB|maxrow ACBP=A9
 0001:00079D64 00000154 C=CODE    S=_TEXT    G=(none)   M=C:\FIVETECH\HB32_BCC7_1905\LIB\HBRTL.LIB|memofile ACBP=A9
 0001:00079EB8 000003A0 C=CODE    S=_TEXT    G=(none)   M=C:\FIVETECH\HB32_BCC7_1905\LIB\HBRTL.LIB|minmax ACBP=A9
 0001:0007A258 00000CBB C=CODE    S=_TEXT    G=(none)   M=C:\FIVETECH\HB32_BCC7_1905\LIB\HBRTL.LIB|mlcfunc ACBP=A9
 0001:0007AF14 00000164 C=CODE    S=_TEXT    G=(none)   M=C:\FIVETECH\HB32_BCC7_1905\LIB\HBRTL.LIB|mod ACBP=A9
 0001:0007B078 0000028C C=CODE    S=_TEXT    G=(none)   M=C:\FIVETECH\HB32_BCC7_1905\LIB\HBRTL.LIB|mouse53 ACBP=A9
 0001:0007B304 00000375 C=CODE    S=_TEXT    G=(none)   M=C:\FIVETECH\HB32_BCC7_1905\LIB\HBRTL.LIB|mouseapi ACBP=A9
 0001:0007B67C 000000EC C=CODE    S=_TEXT    G=(none)   M=C:\FIVETECH\HB32_BCC7_1905\LIB\HBRTL.LIB|mtran ACBP=A9
 0001:0007B768 0000019C C=CODE    S=_TEXT    G=(none)   M=C:\FIVETECH\HB32_BCC7_1905\LIB\HBRTL.LIB|natmsg ACBP=A9
 0001:0007B904 0000005F C=CODE    S=_TEXT    G=(none)   M=C:\FIVETECH\HB32_BCC7_1905\LIB\HBRTL.LIB|net ACBP=A9
 0001:0007B964 00000067 C=CODE    S=_TEXT    G=(none)   M=C:\FIVETECH\HB32_BCC7_1905\LIB\HBRTL.LIB|netusr ACBP=A9
 0001:0007B9CC 00000006 C=CODE    S=_TEXT    G=(none)   M=C:\FIVETECH\HB32_BCC7_1905\LIB\HBRTL.LIB|pad ACBP=A9
 0001:0007B9D4 000004A9 C=CODE    S=_TEXT    G=(none)   M=C:\FIVETECH\HB32_BCC7_1905\LIB\HBRTL.LIB|padx ACBP=A9
 0001:0007BE80 00000BF0 C=CODE    S=_TEXT    G=(none)   M=C:\FIVETECH\HB32_BCC7_1905\LIB\HBRTL.LIB|philes ACBP=A9
 0001:0007CA70 000001EF C=CODE    S=_TEXT    G=(none)   M=C:\FIVETECH\HB32_BCC7_1905\LIB\HBRTL.LIB|rat ACBP=A9
 0001:0007CC60 00000140 C=CODE    S=_TEXT    G=(none)   M=C:\FIVETECH\HB32_BCC7_1905\LIB\HBRTL.LIB|replic ACBP=A9
 0001:0007CDA0 000000D1 C=CODE    S=_TEXT    G=(none)   M=C:\FIVETECH\HB32_BCC7_1905\LIB\HBRTL.LIB|right ACBP=A9
 0001:0007CE74 0000010E C=CODE    S=_TEXT    G=(none)   M=C:\FIVETECH\HB32_BCC7_1905\LIB\HBRTL.LIB|round ACBP=A9
 0001:0007CF84 000001FF C=CODE    S=_TEXT    G=(none)   M=C:\FIVETECH\HB32_BCC7_1905\LIB\HBRTL.LIB|saverest ACBP=A9
 0001:0007D184 0000027A C=CODE    S=_TEXT    G=(none)   M=C:\FIVETECH\HB32_BCC7_1905\LIB\HBRTL.LIB|scroll ACBP=A9
 0001:0007D400 00000080 C=CODE    S=_TEXT    G=(none)   M=C:\FIVETECH\HB32_BCC7_1905\LIB\HBRTL.LIB|seconds ACBP=A9
 0001:0007D480 00000119 C=CODE    S=_TEXT    G=(none)   M=C:\FIVETECH\HB32_BCC7_1905\LIB\HBRTL.LIB|setcolor ACBP=A9
 0001:0007D59C 00000057 C=CODE    S=_TEXT    G=(none)   M=C:\FIVETECH\HB32_BCC7_1905\LIB\HBRTL.LIB|setcurs ACBP=A9
 0001:0007D5F4 000005BD C=CODE    S=_TEXT    G=(none)   M=C:\FIVETECH\HB32_BCC7_1905\LIB\HBRTL.LIB|setkey ACBP=A9
 0001:0007DBB4 00000097 C=CODE    S=_TEXT    G=(none)   M=C:\FIVETECH\HB32_BCC7_1905\LIB\HBRTL.LIB|setpos ACBP=A9
 0001:0007DC4C 0000002B C=CODE    S=_TEXT    G=(none)   M=C:\FIVETECH\HB32_BCC7_1905\LIB\HBRTL.LIB|setposbs ACBP=A9
 0001:0007DC78 00000066 C=CODE    S=_TEXT    G=(none)   M=C:\FIVETECH\HB32_BCC7_1905\LIB\HBRTL.LIB|space ACBP=A9
 0001:0007DCE0 000002FA C=CODE    S=_TEXT    G=(none)   M=C:\FIVETECH\HB32_BCC7_1905\LIB\HBRTL.LIB|spfiles ACBP=A9
 0001:0007DFDC 0000008E C=CODE    S=_TEXT    G=(none)   M=C:\FIVETECH\HB32_BCC7_1905\LIB\HBRTL.LIB|str ACBP=A9
 0001:0007E06C 000000C0 C=CODE    S=_TEXT    G=(none)   M=C:\FIVETECH\HB32_BCC7_1905\LIB\HBRTL.LIB|strcase ACBP=A9
 0001:0007E12C 0000012F C=CODE    S=_TEXT    G=(none)   M=C:\FIVETECH\HB32_BCC7_1905\LIB\HBRTL.LIB|strmatch ACBP=A9
 0001:0007E25C 000004C8 C=CODE    S=_TEXT    G=(none)   M=C:\FIVETECH\HB32_BCC7_1905\LIB\HBRTL.LIB|strrepl ACBP=A9
 0001:0007E724 00000185 C=CODE    S=_TEXT    G=(none)   M=C:\FIVETECH\HB32_BCC7_1905\LIB\HBRTL.LIB|strtoexp ACBP=A9
 0001:0007E8AC 00000264 C=CODE    S=_TEXT    G=(none)   M=C:\FIVETECH\HB32_BCC7_1905\LIB\HBRTL.LIB|strtran ACBP=A9
 0001:0007EB10 000000EA C=CODE    S=_TEXT    G=(none)   M=C:\FIVETECH\HB32_BCC7_1905\LIB\HBRTL.LIB|strzero ACBP=A9
 0001:0007EBFC 0000019A C=CODE    S=_TEXT    G=(none)   M=C:\FIVETECH\HB32_BCC7_1905\LIB\HBRTL.LIB|stuff ACBP=A9
 0001:0007ED98 00000156 C=CODE    S=_TEXT    G=(none)   M=C:\FIVETECH\HB32_BCC7_1905\LIB\HBRTL.LIB|substr ACBP=A9
 0001:0007EEF0 00000058 C=CODE    S=_TEXT    G=(none)   M=C:\FIVETECH\HB32_BCC7_1905\LIB\HBRTL.LIB|tone ACBP=A9
 0001:0007EF48 00001520 C=CODE    S=_TEXT    G=(none)   M=C:\FIVETECH\HB32_BCC7_1905\LIB\HBRTL.LIB|transfrm ACBP=A9
 0001:00080468 000001D1 C=CODE    S=_TEXT    G=(none)   M=C:\FIVETECH\HB32_BCC7_1905\LIB\HBRTL.LIB|trim ACBP=A9
 0001:0008063C 00000042 C=CODE    S=_TEXT    G=(none)   M=C:\FIVETECH\HB32_BCC7_1905\LIB\HBRTL.LIB|type ACBP=A9
 0001:00080680 000000F5 C=CODE    S=_TEXT    G=(none)   M=C:\FIVETECH\HB32_BCC7_1905\LIB\HBRTL.LIB|val ACBP=A9
 0001:00080778 00000064 C=CODE    S=_TEXT    G=(none)   M=C:\FIVETECH\HB32_BCC7_1905\LIB\HBRTL.LIB|valtostr ACBP=A9
 0001:000807DC 0000027F C=CODE    S=_TEXT    G=(none)   M=C:\FIVETECH\HB32_BCC7_1905\LIB\HBRTL.LIB|valtype ACBP=A9
 0001:00080A5C 0000040D C=CODE    S=_TEXT    G=(none)   M=C:\FIVETECH\HB32_BCC7_1905\LIB\HBRTL.LIB|version ACBP=A9
 0001:00080E6C 00000FD7 C=CODE    S=_TEXT    G=(none)   M=C:\FIVETECH\HB32_BCC7_1905\LIB\HBRTL.LIB|vfile ACBP=A9
 0001:00081E44 00000036 C=CODE    S=_TEXT    G=(none)   M=C:\FIVETECH\HB32_BCC7_1905\LIB\HBRTL.LIB|word ACBP=A9
 0001:00081E7C 00000069 C=CODE    S=_TEXT    G=(none)   M=C:\FIVETECH\HB32_BCC7_1905\LIB\HBRTL.LIB|xhelp ACBP=A9
 0001:00081EE8 0000136E C=CODE    S=_TEXT    G=(none)   M=C:\FIVETECH\HB32_BCC7_1905\LIB\HBRTL.LIB|color53 ACBP=A9
 0001:00083258 000001BF C=CODE    S=_TEXT    G=(none)   M=C:\FIVETECH\HB32_BCC7_1905\LIB\HBRTL.LIB|getlist ACBP=A9
 0001:00083418 000011B8 C=CODE    S=_TEXT    G=(none)   M=C:\FIVETECH\HB32_BCC7_1905\LIB\HBRTL.LIB|getsys ACBP=A9
 0001:000845D0 000008F0 C=CODE    S=_TEXT    G=(none)   M=C:\FIVETECH\HB32_BCC7_1905\LIB\HBRTL.LIB|getsys53 ACBP=A9
 0001:00084EC0 00000418 C=CODE    S=_TEXT    G=(none)   M=C:\FIVETECH\HB32_BCC7_1905\LIB\HBRTL.LIB|getsyshb ACBP=A9
 0001:000852D8 00000673 C=CODE    S=_TEXT    G=(none)   M=C:\FIVETECH\HB32_BCC7_1905\LIB\HBRTL.LIB|gui ACBP=A9
 0001:0008594C 00002698 C=CODE    S=_TEXT    G=(none)   M=C:\FIVETECH\HB32_BCC7_1905\LIB\HBRTL.LIB|hbfilehi ACBP=A9
 0001:00087FE4 000033BE C=CODE    S=_TEXT    G=(none)   M=C:\FIVETECH\HB32_BCC7_1905\LIB\HBRTL.LIB|langcomp ACBP=A9
 0001:0008B3A4 0000094D C=CODE    S=_TEXT    G=(none)   M=C:\FIVETECH\HB32_BCC7_1905\LIB\HBRTL.LIB|menusys ACBP=A9
 0001:0008BCF4 00001A43 C=CODE    S=_TEXT    G=(none)   M=C:\FIVETECH\HB32_BCC7_1905\LIB\HBRTL.LIB|objfunc ACBP=A9
 0001:0008D738 00003182 C=CODE    S=_TEXT    G=(none)   M=C:\FIVETECH\HB32_BCC7_1905\LIB\HBRTL.LIB|tclass ACBP=A9
 0001:000908BC 000122D2 C=CODE    S=_TEXT    G=(none)   M=C:\FIVETECH\HB32_BCC7_1905\LIB\HBRTL.LIB|tget ACBP=A9
 0001:000A2B90 0000B976 C=CODE    S=_TEXT    G=(none)   M=C:\FIVETECH\HB32_BCC7_1905\LIB\HBRTL.LIB|tgetlist ACBP=A9
 0001:000AE508 0000537E C=CODE    S=_TEXT    G=(none)   M=C:\FIVETECH\HB32_BCC7_1905\LIB\HBRTL.LIB|tmenusys ACBP=A9
 0001:000B3888 00000552 C=CODE    S=_TEXT    G=(none)   M=C:\FIVETECH\HB32_BCC7_1905\LIB\HBRTL.LIB|tobject ACBP=A9
 0001:000B3DDC 00001DE5 C=CODE    S=_TEXT    G=(none)   M=C:\FIVETECH\HB32_BCC7_1905\LIB\HBRTL.LIB|valtoexp ACBP=A9
 0001:000B5BC4 0000E77E C=CODE    S=_TEXT    G=(none)   M=C:\FIVETECH\HB32_BCC7_1905\LIB\HBVM.LIB|hvm ACBP=A9
 0001:000C4344 00001E2E C=CODE    S=_TEXT    G=(none)   M=C:\FIVETECH\HB32_BCC7_1905\LIB\HBVM.LIB|arrays ACBP=A9
 0001:000C6174 000066E0 C=CODE    S=_TEXT    G=(none)   M=C:\FIVETECH\HB32_BCC7_1905\LIB\HBVM.LIB|classes ACBP=A9
 0001:000CC854 000008F8 C=CODE    S=_TEXT    G=(none)   M=C:\FIVETECH\HB32_BCC7_1905\LIB\HBVM.LIB|dynsym ACBP=A9
 0001:000CD14C 00000308 C=CODE    S=_TEXT    G=(none)   M=C:\FIVETECH\HB32_BCC7_1905\LIB\HBVM.LIB|codebloc ACBP=A9
 0001:000CD454 00000C31 C=CODE    S=_TEXT    G=(none)   M=C:\FIVETECH\HB32_BCC7_1905\LIB\HBVM.LIB|estack ACBP=A9
 0001:000CE088 00002A1C C=CODE    S=_TEXT    G=(none)   M=C:\FIVETECH\HB32_BCC7_1905\LIB\HBVM.LIB|extend ACBP=A9
 0001:000D0AA4 00004221 C=CODE    S=_TEXT    G=(none)   M=C:\FIVETECH\HB32_BCC7_1905\LIB\HBVM.LIB|fm ACBP=A9
 0001:000D4CC8 00000733 C=CODE    S=_TEXT    G=(none)   M=C:\FIVETECH\HB32_BCC7_1905\LIB\HBVM.LIB|garbage ACBP=A9
 0001:000D53FC 00001777 C=CODE    S=_TEXT    G=(none)   M=C:\FIVETECH\HB32_BCC7_1905\LIB\HBVM.LIB|hashes ACBP=A9
 0001:000D6B74 00003310 C=CODE    S=_TEXT    G=(none)   M=C:\FIVETECH\HB32_BCC7_1905\LIB\HBVM.LIB|itemapi ACBP=A9
 0001:000D9E84 00001268 C=CODE    S=_TEXT    G=(none)   M=C:\FIVETECH\HB32_BCC7_1905\LIB\HBVM.LIB|strapi ACBP=A9
 0001:000DB0EC 00001D0E C=CODE    S=_TEXT    G=(none)   M=C:\FIVETECH\HB32_BCC7_1905\LIB\HBVM.LIB|macro ACBP=A9
 0001:000DCDFC 000017C7 C=CODE    S=_TEXT    G=(none)   M=C:\FIVETECH\HB32_BCC7_1905\LIB\HBVM.LIB|memvars ACBP=A9
 0001:000DE5C4 00003DEF C=CODE    S=_TEXT    G=(none)   M=C:\FIVETECH\HB32_BCC7_1905\LIB\HBVM.LIB|set ACBP=A9
 0001:000E23B4 00000E4C C=CODE    S=_TEXT    G=(none)   M=C:\FIVETECH\HB32_BCC7_1905\LIB\HBVM.LIB|thread ACBP=A9
 0001:000E3200 000007B0 C=CODE    S=_TEXT    G=(none)   M=C:\FIVETECH\HB32_BCC7_1905\LIB\HBVM.LIB|arrayshb ACBP=A9
 0001:000E39B0 00000651 C=CODE    S=_TEXT    G=(none)   M=C:\FIVETECH\HB32_BCC7_1905\LIB\HBVM.LIB|asort ACBP=A9
 0001:000E4004 00000014 C=CODE    S=_TEXT    G=(none)   M=C:\FIVETECH\HB32_BCC7_1905\LIB\HBVM.LIB|break ACBP=A9
 0001:000E4018 00000C26 C=CODE    S=_TEXT    G=(none)   M=C:\FIVETECH\HB32_BCC7_1905\LIB\HBVM.LIB|cmdarg ACBP=A9
 0001:000E4C40 00000494 C=CODE    S=_TEXT    G=(none)   M=C:\FIVETECH\HB32_BCC7_1905\LIB\HBVM.LIB|debug ACBP=A9
 0001:000E50D4 00000287 C=CODE    S=_TEXT    G=(none)   M=C:\FIVETECH\HB32_BCC7_1905\LIB\HBVM.LIB|dynlibhb ACBP=A9
 0001:000E535C 00000804 C=CODE    S=_TEXT    G=(none)   M=C:\FIVETECH\HB32_BCC7_1905\LIB\HBVM.LIB|eval ACBP=A9
 0001:000E5B60 000004FD C=CODE    S=_TEXT    G=(none)   M=C:\FIVETECH\HB32_BCC7_1905\LIB\HBVM.LIB|extrap ACBP=A9
 0001:000E6060 00001351 C=CODE    S=_TEXT    G=(none)   M=C:\FIVETECH\HB32_BCC7_1905\LIB\HBVM.LIB|hashfunc ACBP=A9
 0001:000E73B4 00000006 C=CODE    S=_TEXT    G=(none)   M=C:\FIVETECH\HB32_BCC7_1905\LIB\HBVM.LIB|initexit ACBP=A9
 0001:000E73BC 00000019 C=CODE    S=_TEXT    G=(none)   M=C:\FIVETECH\HB32_BCC7_1905\LIB\HBVM.LIB|initsymb ACBP=A9
 0001:000E73D8 00000058 C=CODE    S=_TEXT    G=(none)   M=C:\FIVETECH\HB32_BCC7_1905\LIB\HBVM.LIB|pbyref ACBP=A9
 0001:000E7430 0000001D C=CODE    S=_TEXT    G=(none)   M=C:\FIVETECH\HB32_BCC7_1905\LIB\HBVM.LIB|pcount ACBP=A9
 0001:000E7450 00000070 C=CODE    S=_TEXT    G=(none)   M=C:\FIVETECH\HB32_BCC7_1905\LIB\HBVM.LIB|pvalue ACBP=A9
 0001:000E74C0 00000006 C=CODE    S=_TEXT    G=(none)   M=C:\FIVETECH\HB32_BCC7_1905\LIB\HBVM.LIB|pvaluehb ACBP=A9
 0001:000E74C8 00000508 C=CODE    S=_TEXT    G=(none)   M=C:\FIVETECH\HB32_BCC7_1905\LIB\HBVM.LIB|proc ACBP=A9
 0001:000E79D0 00000F54 C=CODE    S=_TEXT    G=(none)   M=C:\FIVETECH\HB32_BCC7_1905\LIB\HBVM.LIB|runner ACBP=A9
 0001:000E8924 00000028 C=CODE    S=_TEXT    G=(none)   M=C:\FIVETECH\HB32_BCC7_1905\LIB\HBVM.LIB|mainwin ACBP=A9
 0001:000E894C 00000084 C=CODE    S=_TEXT    G=(none)   M=C:\FIVETECH\HB32_BCC7_1905\LIB\HBVM.LIB|harbinit ACBP=A9
 0001:000E89D0 000003D0 C=CODE    S=_TEXT    G=(none)   M=C:\FIVETECH\HB32_BCC7_1905\LIB\GTGUI.LIB|gtgui ACBP=A9
 0001:000E8DA0 00000010 C=CODE    S=_TEXT    G=(none)   M=C:\FIVETECH\HB32_BCC7_1905\LIB\HBLANG.LIB|l_es ACBP=A9
 0001:000E8DB0 00001A9F C=CODE    S=_TEXT    G=(none)   M=C:\FIVETECH\HB32_BCC7_1905\LIB\HBMACRO.LIB|macroy ACBP=A9
 0001:000EA850 00000659 C=CODE    S=_TEXT    G=(none)   M=C:\FIVETECH\HB32_BCC7_1905\LIB\HBMACRO.LIB|macroa ACBP=A9
 0001:000EAEAC 0000613C C=CODE    S=_TEXT    G=(none)   M=C:\FIVETECH\HB32_BCC7_1905\LIB\HBMACRO.LIB|macrob ACBP=A9
 0001:000F0FE8 000011ED C=CODE    S=_TEXT    G=(none)   M=C:\FIVETECH\HB32_BCC7_1905\LIB\HBMACRO.LIB|macrolex ACBP=A9
 0001:000F21D8 00003242 C=CODE    S=_TEXT    G=(none)   M=C:\FIVETECH\HB32_BCC7_1905\LIB\HBRDD.LIB|dbcmd ACBP=A9
 0001:000F541C 00000A99 C=CODE    S=_TEXT    G=(none)   M=C:\FIVETECH\HB32_BCC7_1905\LIB\HBRDD.LIB|dbcmd53 ACBP=A9
 0001:000F5EB8 00009CF8 C=CODE    S=_TEXT    G=(none)   M=C:\FIVETECH\HB32_BCC7_1905\LIB\HBRDD.LIB|dbf1 ACBP=A9
 0001:000FFBB0 00000016 C=CODE    S=_TEXT    G=(none)   M=C:\FIVETECH\HB32_BCC7_1905\LIB\HBRDD.LIB|fieldhb ACBP=A9
 0001:000FFBC8 00000076 C=CODE    S=_TEXT    G=(none)   M=C:\FIVETECH\HB32_BCC7_1905\LIB\HBRDD.LIB|ordcount ACBP=A9
 0001:000FFC40 00000148 C=CODE    S=_TEXT    G=(none)   M=C:\FIVETECH\HB32_BCC7_1905\LIB\HBRDD.LIB|ordwldsk ACBP=A9
 0001:000FFD88 000025C6 C=CODE    S=_TEXT    G=(none)   M=C:\FIVETECH\HB32_BCC7_1905\LIB\HBRDD.LIB|workarea ACBP=A9
 0001:00102350 00000C17 C=CODE    S=_TEXT    G=(none)   M=C:\FIVETECH\HB32_BCC7_1905\LIB\HBRDD.LIB|wacore ACBP=A9
 0001:00102F68 000016AB C=CODE    S=_TEXT    G=(none)   M=C:\FIVETECH\HB32_BCC7_1905\LIB\HBRDD.LIB|wafunc ACBP=A9
 0001:00104614 00001990 C=CODE    S=_TEXT    G=(none)   M=C:\FIVETECH\HB32_BCC7_1905\LIB\HBRDD.LIB|sdf1 ACBP=A9
 0001:00105FA4 00000132 C=CODE    S=_TEXT    G=(none)   M=C:\FIVETECH\HB32_BCC7_1905\LIB\HBRDD.LIB|dbsdf ACBP=A9
 0001:001060D8 0000031C C=CODE    S=_TEXT    G=(none)   M=C:\FIVETECH\HB32_BCC7_1905\LIB\HBRDD.LIB|rddord ACBP=A9
 0001:001063F4 00000021 C=CODE    S=_TEXT    G=(none)   M=C:\FIVETECH\HB32_BCC7_1905\LIB\HBRDD.LIB|rddsys ACBP=A9
 0001:00106418 0000AFD8 C=CODE    S=_TEXT    G=(none)   M=C:\FIVETECH\HB32_BCC7_1905\LIB\RDDNTX.LIB|dbfntx1 ACBP=A9
 0001:001113F0 0000DBC8 C=CODE    S=_TEXT    G=(none)   M=C:\FIVETECH\HB32_BCC7_1905\LIB\RDDCDX.LIB|dbfcdx1 ACBP=A9
 0001:0011EFB8 00007CC8 C=CODE    S=_TEXT    G=(none)   M=C:\FIVETECH\HB32_BCC7_1905\LIB\RDDFPT.LIB|dbffpt1 ACBP=A9
 0001:00126C80 000003A6 C=CODE    S=_TEXT    G=(none)   M=C:\FIVETECH\HB32_BCC7_1905\LIB\HBSIX.LIB|sxcrypt ACBP=A9
 0001:00127028 000000E8 C=CODE    S=_TEXT    G=(none)   M=C:\FIVETECH\HB32_BCC7_1905\LIB\HBSIX.LIB|sxdate ACBP=A9
 0001:00127110 00000F39 C=CODE    S=_TEXT    G=(none)   M=C:\FIVETECH\HB32_BCC7_1905\LIB\HBCOMMON.LIB|expropt1 ACBP=A9
 0001:0012804C 000036A5 C=CODE    S=_TEXT    G=(none)   M=C:\FIVETECH\HB32_BCC7_1905\LIB\HBCOMMON.LIB|expropt2 ACBP=A9
 0001:0012B6F4 000001C5 C=CODE    S=_TEXT    G=(none)   M=C:\FIVETECH\HB32_BCC7_1905\LIB\HBCOMMON.LIB|funcid ACBP=A9
 0001:0012B8BC 0000193E C=CODE    S=_TEXT    G=(none)   M=C:\FIVETECH\HB32_BCC7_1905\LIB\HBCOMMON.LIB|hbdate ACBP=A9
 0001:0012D1FC 0000070B C=CODE    S=_TEXT    G=(none)   M=C:\FIVETECH\HB32_BCC7_1905\LIB\HBCOMMON.LIB|hbffind ACBP=A9
 0001:0012D908 0000005D C=CODE    S=_TEXT    G=(none)   M=C:\FIVETECH\HB32_BCC7_1905\LIB\HBCOMMON.LIB|hbfopen ACBP=A9
 0001:0012D968 000003D3 C=CODE    S=_TEXT    G=(none)   M=C:\FIVETECH\HB32_BCC7_1905\LIB\HBCOMMON.LIB|hbfsapi ACBP=A9
 0001:0012DD3C 00000150 C=CODE    S=_TEXT    G=(none)   M=C:\FIVETECH\HB32_BCC7_1905\LIB\HBCOMMON.LIB|hbgete ACBP=A9
 0001:0012DE8C 0000032F C=CODE    S=_TEXT    G=(none)   M=C:\FIVETECH\HB32_BCC7_1905\LIB\HBCOMMON.LIB|hbhash ACBP=A9
 0001:0012E1BC 00001C09 C=CODE    S=_TEXT    G=(none)   M=C:\FIVETECH\HB32_BCC7_1905\LIB\HBCOMMON.LIB|hbprintf ACBP=A9
 0001:0012FDC8 000014CC C=CODE    S=_TEXT    G=(none)   M=C:\FIVETECH\HB32_BCC7_1905\LIB\HBCOMMON.LIB|hbstr ACBP=A9
 0001:00131294 00000971 C=CODE    S=_TEXT    G=(none)   M=C:\FIVETECH\HB32_BCC7_1905\LIB\HBCOMMON.LIB|hbver ACBP=A9
 0001:00131C08 000002EA C=CODE    S=_TEXT    G=(none)   M=C:\FIVETECH\HB32_BCC7_1905\LIB\HBCOMMON.LIB|hbverdsp ACBP=A9
 0001:00131EF4 000001CF C=CODE    S=_TEXT    G=(none)   M=C:\FIVETECH\HB32_BCC7_1905\LIB\HBCOMMON.LIB|hbwin ACBP=A9
 0001:001320C4 0000060D C=CODE    S=_TEXT    G=(none)   M=C:\FIVETECH\HB32_BCC7_1905\LIB\HBCOMMON.LIB|strwild ACBP=A9
 0001:001326D4 0000004F C=CODE    S=_TEXT    G=(none)   M=C:\FIVETECH\HB32_BCC7_1905\LIB\HBPP.LIB|pptable ACBP=A9
 0001:00132724 0000A719 C=CODE    S=_TEXT    G=(none)   M=C:\FIVETECH\HB32_BCC7_1905\LIB\HBPP.LIB|ppcore ACBP=A9
 0001:0013CE40 0000002C C=CODE    S=_TEXT    G=(none)   M=C:\FIVETECH\HB32_BCC7_1905\LIB\HBCPAGE.LIB|cpcs852 ACBP=A9
 0001:0013CE6C 0000002C C=CODE    S=_TEXT    G=(none)   M=C:\FIVETECH\HB32_BCC7_1905\LIB\HBCPAGE.LIB|cpde850 ACBP=A9
 0001:0013CE98 0000002C C=CODE    S=_TEXT    G=(none)   M=C:\FIVETECH\HB32_BCC7_1905\LIB\HBCPAGE.LIB|cpel737 ACBP=A9
 0001:0013CEC4 0000002C C=CODE    S=_TEXT    G=(none)   M=C:\FIVETECH\HB32_BCC7_1905\LIB\HBCPAGE.LIB|cpeswin ACBP=A9
 0001:0013CEF0 000000AC C=CODE    S=_TEXT    G=(none)   M=C:\FIVETECH\HB32_BCC7_1905\LIB\HBWIN.LIB|oleauto ACBP=A9
 0001:0013CF9C 00000034 C=CODE    S=_TEXT    G=(none)   M=C:\FIVETECH\HB32_BCC7_1905\LIB\HBWIN.LIB|axfunc ACBP=A9
 0001:0013CFD0 00000048 C=CODE    S=_TEXT    G=(none)   M=C:\FIVETECH\HB32_BCC7_1905\LIB\HBWIN.LIB|win_os ACBP=A9
 0001:0013D018 000000C0 C=CODE    S=_TEXT    G=(none)   M=C:\FIVETECH\HB32_BCC7_1905\LIB\HBWIN.LIB|win_reg ACBP=A9
 0001:0013D0D8 00000A3C C=CODE    S=_TEXT    G=(none)   M=C:\FIVETECH\HB32_BCC7_1905\LIB\HBWIN.LIB|axcore ACBP=A9
 0001:0013DB14 00003A3C C=CODE    S=_TEXT    G=(none)   M=C:\FIVETECH\HB32_BCC7_1905\LIB\HBWIN.LIB|olecore ACBP=A9
 0001:00141550 0000025E C=CODE    S=_TEXT    G=(none)   M=C:\FIVETECH\HB32_BCC7_1905\LIB\HBWIN.LIB|wapi_alloc ACBP=A9
 0001:001417B0 00000026 C=CODE    S=_TEXT    G=(none)   M=C:\FIVETECH\HB32_BCC7_1905\LIB\HBWIN.LIB|wapi_err ACBP=A9
 0001:001417D8 00000132 C=CODE    S=_TEXT    G=(none)   M=C:\FIVETECH\HB32_BCC7_1905\LIB\HBWIN.LIB|wapi_misc ACBP=A9
 0001:0014190C 000000EC C=CODE    S=_TEXT    G=(none)   M=C:\FIVETECH\HB32_BCC7_1905\LIB\HBWIN.LIB|wapi_shellapi ACBP=A9
 0001:001419F8 000002AF C=CODE    S=_TEXT    G=(none)   M=C:\FIVETECH\HB32_BCC7_1905\LIB\HBWIN.LIB|wapi_winbase_2 ACBP=A9
 0001:00141CA8 00001699 C=CODE    S=_TEXT    G=(none)   M=C:\FIVETECH\HB32_BCC7_1905\LIB\HBWIN.LIB|wapi_wingdi ACBP=A9
 0001:00143344 0000100F C=CODE    S=_TEXT    G=(none)   M=C:\FIVETECH\HB32_BCC7_1905\LIB\HBWIN.LIB|wapi_winuser_1 ACBP=A9
 0001:00144354 00000176 C=CODE    S=_TEXT    G=(none)   M=C:\FIVETECH\HB32_BCC7_1905\LIB\HBWIN.LIB|wapi_winuser_2 ACBP=A9
 0001:001444CC 00000410 C=CODE    S=_TEXT    G=(none)   M=C:\FIVETECH\HB32_BCC7_1905\LIB\HBWIN.LIB|win_misc_1 ACBP=A9
 0001:001448DC 000002B5 C=CODE    S=_TEXT    G=(none)   M=C:\FIVETECH\HB32_BCC7_1905\LIB\HBWIN.LIB|win_osc ACBP=A9
 0001:00144B94 000004E2 C=CODE    S=_TEXT    G=(none)   M=C:\FIVETECH\HB32_BCC7_1905\LIB\HBWIN.LIB|win_regc ACBP=A9
 0001:00145078 000062E0 C=CODE    S=_TEXT    G=(none)   M=C:\FIVETECH\HB32_BCC7_1905\LIB\HBCPLR.LIB|harboury ACBP=A9
 0001:0014B358 00000FB8 C=CODE    S=_TEXT    G=(none)   M=C:\FIVETECH\HB32_BCC7_1905\LIB\HBCPLR.LIB|cmdcheck ACBP=A9
 0001:0014C310 00000703 C=CODE    S=_TEXT    G=(none)   M=C:\FIVETECH\HB32_BCC7_1905\LIB\HBCPLR.LIB|compi18n ACBP=A9
 0001:0014CA14 00002899 C=CODE    S=_TEXT    G=(none)   M=C:\FIVETECH\HB32_BCC7_1905\LIB\HBCPLR.LIB|complex ACBP=A9
 0001:0014F2B0 000009AF C=CODE    S=_TEXT    G=(none)   M=C:\FIVETECH\HB32_BCC7_1905\LIB\HBCPLR.LIB|expropta ACBP=A9
 0001:0014FC60 00006E54 C=CODE    S=_TEXT    G=(none)   M=C:\FIVETECH\HB32_BCC7_1905\LIB\HBCPLR.LIB|exproptb ACBP=A9
 0001:00156AB4 00004494 C=CODE    S=_TEXT    G=(none)   M=C:\FIVETECH\HB32_BCC7_1905\LIB\HBCPLR.LIB|genc ACBP=A9
 0001:0015AF48 00004B30 C=CODE    S=_TEXT    G=(none)   M=C:\FIVETECH\HB32_BCC7_1905\LIB\HBCPLR.LIB|gencc ACBP=A9
 0001:0015FA78 0000028F C=CODE    S=_TEXT    G=(none)   M=C:\FIVETECH\HB32_BCC7_1905\LIB\HBCPLR.LIB|genhrb ACBP=A9
 0001:0015FD08 00000494 C=CODE    S=_TEXT    G=(none)   M=C:\FIVETECH\HB32_BCC7_1905\LIB\HBCPLR.LIB|hbcmplib ACBP=A9
 0001:0016019C 000005E6 C=CODE    S=_TEXT    G=(none)   M=C:\FIVETECH\HB32_BCC7_1905\LIB\HBCPLR.LIB|hbcomp ACBP=A9
 0001:00160784 00000250 C=CODE    S=_TEXT    G=(none)   M=C:\FIVETECH\HB32_BCC7_1905\LIB\HBCPLR.LIB|hbdbginf ACBP=A9
 0001:001609D4 00000895 C=CODE    S=_TEXT    G=(none)   M=C:\FIVETECH\HB32_BCC7_1905\LIB\HBCPLR.LIB|hbdead ACBP=A9
 0001:0016126C 00000137 C=CODE    S=_TEXT    G=(none)   M=C:\FIVETECH\HB32_BCC7_1905\LIB\HBCPLR.LIB|hbfix ACBP=A9
 0001:001613A4 0000016E C=CODE    S=_TEXT    G=(none)   M=C:\FIVETECH\HB32_BCC7_1905\LIB\HBCPLR.LIB|hbfunchk ACBP=A9
 0001:00161514 000002E4 C=CODE    S=_TEXT    G=(none)   M=C:\FIVETECH\HB32_BCC7_1905\LIB\HBCPLR.LIB|hbgenerr ACBP=A9
 0001:001617F8 0000010D C=CODE    S=_TEXT    G=(none)   M=C:\FIVETECH\HB32_BCC7_1905\LIB\HBCPLR.LIB|hbident ACBP=A9
 0001:00161908 000003DD C=CODE    S=_TEXT    G=(none)   M=C:\FIVETECH\HB32_BCC7_1905\LIB\HBCPLR.LIB|hblbl ACBP=A9
 0001:00161CE8 00005896 C=CODE    S=_TEXT    G=(none)   M=C:\FIVETECH\HB32_BCC7_1905\LIB\HBCPLR.LIB|hbmain ACBP=A9
 0001:00167580 00002120 C=CODE    S=_TEXT    G=(none)   M=C:\FIVETECH\HB32_BCC7_1905\LIB\HBCPLR.LIB|hbopt ACBP=A9
 0001:001696A0 0000058F C=CODE    S=_TEXT    G=(none)   M=C:\FIVETECH\HB32_BCC7_1905\LIB\HBCPLR.LIB|hbpcode ACBP=A9
 0001:00169C30 00000102 C=CODE    S=_TEXT    G=(none)   M=C:\FIVETECH\HB32_BCC7_1905\LIB\HBCPLR.LIB|hbstripl ACBP=A9
 0001:00169D34 0000012A C=CODE    S=_TEXT    G=(none)   M=C:\FIVETECH\HB32_BCC7_1905\LIB\HBCPLR.LIB|hbusage ACBP=A9
 0001:00169E60 0000088F C=CODE    S=_TEXT    G=(none)   M=C:\FIVETECH\HB32_BCC7_1905\LIB\HBCPLR.LIB|ppcomp ACBP=A9
 0001:0016A6F0 000000C0 C=CODE    S=_TEXT    G=(none)   M=C:\FIVETECH\HB32_BCC7_1905\LIB\HBCT.LIB|ctmisc ACBP=A9
 0001:0016A7B0 0000005C C=CODE    S=_TEXT    G=(none)   M=C:\FIVETECH\HB32_BCC7_1905\LIB\HBCT.LIB|cttime ACBP=A9
 0001:0016A80C 000003C5 C=CODE    S=_TEXT    G=(none)   M=C:\FIVETECH\HB32_BCC7_1905\LIB\HBCT.LIB|atnum ACBP=A9
 0001:0016ABD4 000001C3 C=CODE    S=_TEXT    G=(none)   M=C:\FIVETECH\HB32_BCC7_1905\LIB\HBCT.LIB|blank ACBP=A9
 0001:0016AD98 00000158 C=CODE    S=_TEXT    G=(none)   M=C:\FIVETECH\HB32_BCC7_1905\LIB\HBCT.LIB|charmirr ACBP=A9
 0001:0016AEF0 00000329 C=CODE    S=_TEXT    G=(none)   M=C:\FIVETECH\HB32_BCC7_1905\LIB\HBCT.LIB|charone ACBP=A9
 0001:0016B21C 00000251 C=CODE    S=_TEXT    G=(none)   M=C:\FIVETECH\HB32_BCC7_1905\LIB\HBCT.LIB|charonly ACBP=A9
 0001:0016B470 00000252 C=CODE    S=_TEXT    G=(none)   M=C:\FIVETECH\HB32_BCC7_1905\LIB\HBCT.LIB|charrepl ACBP=A9
 0001:0016B6C4 00000205 C=CODE    S=_TEXT    G=(none)   M=C:\FIVETECH\HB32_BCC7_1905\LIB\HBCT.LIB|charswap ACBP=A9
 0001:0016B8CC 000002DB C=CODE    S=_TEXT    G=(none)   M=C:\FIVETECH\HB32_BCC7_1905\LIB\HBCT.LIB|ctc ACBP=A9
 0001:0016BBA8 000000AA C=CODE    S=_TEXT    G=(none)   M=C:\FIVETECH\HB32_BCC7_1905\LIB\HBCT.LIB|ctmath ACBP=A9
 0001:0016BC54 0000047D C=CODE    S=_TEXT    G=(none)   M=C:\FIVETECH\HB32_BCC7_1905\LIB\HBCT.LIB|ctmath2 ACBP=A9
 0001:0016C0D4 000002CB C=CODE    S=_TEXT    G=(none)   M=C:\FIVETECH\HB32_BCC7_1905\LIB\HBCT.LIB|ctnet ACBP=A9
 0001:0016C3A0 000004C4 C=CODE    S=_TEXT    G=(none)   M=C:\FIVETECH\HB32_BCC7_1905\LIB\HBCT.LIB|ctstr ACBP=A9
 0001:0016C864 0000045E C=CODE    S=_TEXT    G=(none)   M=C:\FIVETECH\HB32_BCC7_1905\LIB\HBCT.LIB|ctstrfil ACBP=A9
 0001:0016CCC4 00000463 C=CODE    S=_TEXT    G=(none)   M=C:\FIVETECH\HB32_BCC7_1905\LIB\HBCT.LIB|datetime ACBP=A9
 0001:0016D128 00000964 C=CODE    S=_TEXT    G=(none)   M=C:\FIVETECH\HB32_BCC7_1905\LIB\HBCT.LIB|dattime2 ACBP=A9
 0001:0016DA8C 0000036C C=CODE    S=_TEXT    G=(none)   M=C:\FIVETECH\HB32_BCC7_1905\LIB\HBCT.LIB|disk ACBP=A9
 0001:0016DDF8 0000018A C=CODE    S=_TEXT    G=(none)   M=C:\FIVETECH\HB32_BCC7_1905\LIB\HBCT.LIB|numat ACBP=A9
 0001:0016DF84 00000477 C=CODE    S=_TEXT    G=(none)   M=C:\FIVETECH\HB32_BCC7_1905\LIB\HBCT.LIB|range ACBP=A9
 0001:0016E3FC 00000125 C=CODE    S=_TEXT    G=(none)   M=C:\FIVETECH\HB32_BCC7_1905\LIB\HBCT.LIB|remove ACBP=A9
 0001:0016E524 00000744 C=CODE    S=_TEXT    G=(none)   M=C:\FIVETECH\HB32_BCC7_1905\LIB\HBCT.LIB|token1 ACBP=A9
 0001:0016EC68 00000044 C=CODE    S=_TEXT    G=(none)   M=C:\FIVETECH\HB32_BCC7_1905\LIB\HBPCRE.LIB|chartabs ACBP=A9
 0001:0016EC68 0000916B C=CODE    S=_TEXT    G=(none)   M=C:\FIVETECH\HB32_BCC7_1905\LIB\HBPCRE.LIB|pcrecomp ACBP=A9
 0001:00177DD4 00000141 C=CODE    S=_TEXT    G=(none)   M=C:\FIVETECH\HB32_BCC7_1905\LIB\HBPCRE.LIB|pcreconf ACBP=A9
 0001:00177F18 00011DA6 C=CODE    S=_TEXT    G=(none)   M=C:\FIVETECH\HB32_BCC7_1905\LIB\HBPCRE.LIB|pcreexec ACBP=A9
 0001:00189CBE 00000044 C=CODE    S=_TEXT    G=(none)   M=C:\FIVETECH\HB32_BCC7_1905\LIB\HBPCRE.LIB|pcreglob ACBP=A9
 0001:00189CC0 0000042A C=CODE    S=_TEXT    G=(none)   M=C:\FIVETECH\HB32_BCC7_1905\LIB\HBPCRE.LIB|pcrenewl ACBP=A9
 0001:0018A0EC 00000093 C=CODE    S=_TEXT    G=(none)   M=C:\FIVETECH\HB32_BCC7_1905\LIB\HBPCRE.LIB|pcreoutf ACBP=A9
 0001:0018A17F 00000044 C=CODE    S=_TEXT    G=(none)   M=C:\FIVETECH\HB32_BCC7_1905\LIB\HBPCRE.LIB|pcretabs ACBP=A9
 0001:0018A17F 00000044 C=CODE    S=_TEXT    G=(none)   M=C:\FIVETECH\HB32_BCC7_1905\LIB\HBPCRE.LIB|pcreucd ACBP=A9
 0001:0018A180 0000043A C=CODE    S=_TEXT    G=(none)   M=C:\FIVETECH\HB32_BCC7_1905\LIB\HBPCRE.LIB|pcrevutf ACBP=A9
 0001:0018A5BC 00000847 C=CODE    S=_TEXT    G=(none)   M=C:\FIVETECH\HB32_BCC7_1905\LIB\HBPCRE.LIB|pcrexcls ACBP=A9
 0001:0018AE04 0000005C C=CODE    S=_TEXT    G=(none)   M=C:\FIVETECH\HB32_BCC7_1905\LIB\XHB.LIB|decode ACBP=A9
 0001:0018AE60 00000034 C=CODE    S=_TEXT    G=(none)   M=C:\FIVETECH\HB32_BCC7_1905\LIB\XHB.LIB|regexrpl ACBP=A9
 0001:0018AE94 00000214 C=CODE    S=_TEXT    G=(none)   M=C:\FIVETECH\HB32_BCC7_1905\LIB\XHB.LIB|txml ACBP=A9
 0001:0018B0A8 00000034 C=CODE    S=_TEXT    G=(none)   M=C:\FIVETECH\HB32_BCC7_1905\LIB\XHB.LIB|xhbmisc ACBP=A9
 0001:0018B0DC 00000200 C=CODE    S=_TEXT    G=(none)   M=C:\FIVETECH\HB32_BCC7_1905\LIB\XHB.LIB|xhbole ACBP=A9
 0001:0018B2DC 00002EFD C=CODE    S=_TEXT    G=(none)   M=C:\FIVETECH\HB32_BCC7_1905\LIB\XHB.LIB|hbxml ACBP=A9
 0001:0018E1DC 00000316 C=CODE    S=_TEXT    G=(none)   M=C:\FIVETECH\HB32_BCC7_1905\LIB\XHB.LIB|xhbat ACBP=A9
 0001:0018E4F4 00000036 C=CODE    S=_TEXT    G=(none)   M=C:\FIVETECH\HB32_BCC7_1905\LIB\XHB.LIB|xhbdate ACBP=A9
 0001:0018E52C 0000002F C=CODE    S=_TEXT    G=(none)   M=C:\FIVETECH\HB32_BCC7_1905\LIB\XHB.LIB|xhbenum ACBP=A9
 0001:0018E55C 000004B6 C=CODE    S=_TEXT    G=(none)   M=C:\FIVETECH\HB32_BCC7_1905\LIB\XHB.LIB|xhbfunc ACBP=A9
 0001:0018EA14 00000106 C=CODE    S=_TEXT    G=(none)   M=C:\FIVETECH\HB32_BCC7_1905\LIB\XHB.LIB|xhbhash ACBP=A9
 0001:0018EB1C 00000006 C=CODE    S=_TEXT    G=(none)   M=C:\FIVETECH\HB32_BCC7_1905\LIB\XHB.LIB|xhbi18n ACBP=A9
 0001:0018EB24 00000051 C=CODE    S=_TEXT    G=(none)   M=C:\FIVETECH\HB32_BCC7_1905\LIB\XHB.LIB|xhbmtc ACBP=A9
 0001:0018EB78 00000034 C=CODE    S=_TEXT    G=(none)   M=C:\FIVETECH\HB32_BCC7_1905\LIB\XHB.LIB|xhbolec ACBP=A9
 0001:0018EBAC 0000008C C=CODE    S=_TEXT    G=(none)   M=C:\FIVETECH\HB32_BCC7_1905\LIB\XHB.LIB|xhbqself ACBP=A9
 0001:0018EC38 00000091 C=CODE    S=_TEXT    G=(none)   M=C:\FIVETECH\HB32_BCC7_1905\LIB\XHB.LIB|xhbwin ACBP=A9
 0001:0018ECCC 0000004F C=CODE    S=_TEXT    G=(none)   M=C:\FIVETECH\HB32_BCC7_1905\LIB\XHB.LIB|xthrow ACBP=A9
 0001:0018ED1C 0000009E C=CODE    S=_TEXT    G=(none)   M=C:\FIVETECH\HB32_BCC7_1905\LIB\XHB.LIB|xwin_ver ACBP=A9
 0001:0018EDBC 00000188 C=CODE    S=_TEXT    G=(none)   M=C:\FIVETECH\HB32_BCC7_1905\LIB\HBZIPARC.LIB|ziparc ACBP=A9
 0001:0018EF44 00001EC6 C=CODE    S=_TEXT    G=(none)   M=C:\FIVETECH\HB32_BCC7_1905\LIB\HBMZIP.LIB|mzip ACBP=A9
 0001:00190E0C 00000393 C=CODE    S=_TEXT    G=(none)   M=C:\FIVETECH\HB32_BCC7_1905\LIB\HBZLIB.LIB|adler32 ACBP=A9
 0001:001911A0 000002F3 C=CODE    S=_TEXT    G=(none)   M=C:\FIVETECH\HB32_BCC7_1905\LIB\HBZLIB.LIB|crc32 ACBP=A9
 0001:00191494 00002995 C=CODE    S=_TEXT    G=(none)   M=C:\FIVETECH\HB32_BCC7_1905\LIB\HBZLIB.LIB|deflate ACBP=A9
 0001:00193E2C 0000048F C=CODE    S=_TEXT    G=(none)   M=C:\FIVETECH\HB32_BCC7_1905\LIB\HBZLIB.LIB|inffast ACBP=A9
 0001:001942BC 00001F21 C=CODE    S=_TEXT    G=(none)   M=C:\FIVETECH\HB32_BCC7_1905\LIB\HBZLIB.LIB|inflate ACBP=A9
 0001:001961E0 00000425 C=CODE    S=_TEXT    G=(none)   M=C:\FIVETECH\HB32_BCC7_1905\LIB\HBZLIB.LIB|inftrees ACBP=A9
 0001:00196608 00001CB8 C=CODE    S=_TEXT    G=(none)   M=C:\FIVETECH\HB32_BCC7_1905\LIB\HBZLIB.LIB|trees ACBP=A9
 0001:001982C0 000000DB C=CODE    S=_TEXT    G=(none)   M=C:\FIVETECH\HB32_BCC7_1905\LIB\HBZLIB.LIB|zutil ACBP=A9
 0001:0019839C 00000355 C=CODE    S=_TEXT    G=(none)   M=C:\FIVETECH\HB32_BCC7_1905\LIB\MINIZIP.LIB|ioapi ACBP=A9
 0001:001986F4 00002A18 C=CODE    S=_TEXT    G=(none)   M=C:\FIVETECH\HB32_BCC7_1905\LIB\MINIZIP.LIB|zip ACBP=A9
 0001:0019B10C 00002500 C=CODE    S=_TEXT    G=(none)   M=C:\FIVETECH\HB32_BCC7_1905\LIB\MINIZIP.LIB|unzip ACBP=A9
 0001:0019D60C 00000028 C=CODE    S=_TEXT    G=(none)   M=C:\BCC\BCC7\LIB\CW32.LIB|delaop ACBP=A9
 0001:0019D634 0000002E C=CODE    S=_TEXT    G=(none)   M=C:\BCC\BCC7\LIB\CW32.LIB|delop ACBP=A9
 0001:0019D664 0000009D C=CODE    S=_TEXT    G=(none)   M=C:\BCC\BCC7\LIB\CW32.LIB|exceptio ACBP=A9
 0001:0019D701 0000009B C=CODE    S=_TEXT    G=(none)   M=C:\BCC\BCC7\LIB\CW32.LIB|gccex ACBP=A9
 0001:0019D79C 000011DC C=CODE    S=_TEXT    G=(none)   M=C:\BCC\BCC7\LIB\CW32.LIB|inst ACBP=A9
 0001:0019E978 0000245C C=CODE    S=_TEXT    G=(none)   M=C:\BCC\BCC7\LIB\CW32.LIB|ios ACBP=A9
 0001:001A0DAC 00004A2E C=CODE    S=_TEXT    G=(none)   M=C:\BCC\BCC7\LIB\CW32.LIB|iostream ACBP=A9
 0001:001A57B4 000002EF C=CODE    S=_TEXT    G=(none)   M=C:\BCC\BCC7\LIB\CW32.LIB|dwlocale ACBP=A9
 0001:001A5A7C 00002106 C=CODE    S=_TEXT    G=(none)   M=C:\BCC\BCC7\LIB\CW32.LIB|locale0 ACBP=A9
 0001:001A7B82 00000019 C=CODE    S=_TEXT    G=(none)   M=C:\BCC\BCC7\LIB\CW32.LIB|new ACBP=A9
 0001:001A7B84 00000074 C=CODE    S=_TEXT    G=(none)   M=C:\BCC\BCC7\LIB\CW32.LIB|newaop ACBP=A9
 0001:001A7BAC 0000011E C=CODE    S=_TEXT    G=(none)   M=C:\BCC\BCC7\LIB\CW32.LIB|newop ACBP=A9
 0001:001A7CA7 00001DC2 C=CODE    S=_TEXT    G=(none)   M=C:\BCC\BCC7\LIB\CW32.LIB|string ACBP=A9
 0001:001A9A44 000043B1 C=CODE    S=_TEXT    G=(none)   M=C:\BCC\BCC7\LIB\CW32.LIB|wiostrea ACBP=A9
 0001:001ADDCD 000000D4 C=CODE    S=_TEXT    G=(none)   M=C:\BCC\BCC7\LIB\CW32.LIB|xlocinfo ACBP=A9
 0001:001ADEA4 00000110 C=CODE    S=_TEXT    G=(none)   M=C:\BCC\BCC7\LIB\CW32.LIB|xstart ACBP=A9
 0001:001ADFB4 00000027 C=CODE    S=_TEXT    G=(none)   M=C:\BCC\BCC7\LIB\CW32.LIB|wchar ACBP=A9
 0001:001ADFDC 0000014B C=CODE    S=_TEXT    G=(none)   M=C:\BCC\BCC7\LIB\CW32.LIB|hrdir_b ACBP=A9
 0001:001AE128 00000020 C=CODE    S=_TEXT    G=(none)   M=C:\BCC\BCC7\LIB\CW32.LIB|hrdir_mf ACBP=A9
 0001:001AE148 000000DC C=CODE    S=_TEXT    G=(none)   M=C:\BCC\BCC7\LIB\CW32.LIB|hrdir_s ACBP=A9
 0001:001AE224 00000001 C=CODE    S=_TEXT    G=(none)   M=C:\BCC\BCC7\LIB\CW32.LIB|hrdir_us ACBP=A9
 0001:001AE228 000001DF C=CODE    S=_TEXT    G=(none)   M=C:\BCC\BCC7\LIB\CW32.LIB|vnewldtc ACBP=A9
 0001:001AE408 00000DC2 C=CODE    S=_TEXT    G=(none)   M=C:\BCC\BCC7\LIB\CW32.LIB|_fastmm ACBP=A9
 0001:001AF1CC 00000B42 C=CODE    S=_TEXT    G=(none)   M=C:\BCC\BCC7\LIB\CW32.LIB|_fastmma ACBP=A9
 0001:001AFD10 0000004A C=CODE    S=_TEXT    G=(none)   M=C:\BCC\BCC7\LIB\CW32.LIB|heap ACBP=A9
 0001:001AFD5C 00000065 C=CODE    S=_TEXT    G=(none)   M=C:\BCC\BCC7\LIB\CW32.LIB|realloc ACBP=A9
 0001:001AFDC4 00000001 C=CODE    S=_TEXT    G=(none)   M=C:\BCC\BCC7\LIB\CW32.LIB|crtlst_i ACBP=A9
 0001:001AFDC8 00000001 C=CODE    S=_TEXT    G=(none)   M=C:\BCC\BCC7\LIB\CW32.LIB|crtlst_l ACBP=A9
 0001:001AFDCC 00000032 C=CODE    S=_TEXT    G=(none)   M=C:\BCC\BCC7\LIB\CW32.LIB|strdup ACBP=A9
 0001:001AFE00 00000029 C=CODE    S=_TEXT    G=(none)   M=C:\BCC\BCC7\LIB\CW32.LIB|strrchr ACBP=A9
 0001:001AFE2C 00000060 C=CODE    S=_TEXT    G=(none)   M=C:\BCC\BCC7\LIB\CW32.LIB|strstr ACBP=A9
 0001:001AFE8C 0000003F C=CODE    S=_TEXT    G=(none)   M=C:\BCC\BCC7\LIB\CW32.LIB|wcscpy ACBP=A9
 0001:001AFECC 00000018 C=CODE    S=_TEXT    G=(none)   M=C:\BCC\BCC7\LIB\CW32.LIB|wcslen ACBP=A9
 0001:001AFEE4 0000000A C=CODE    S=_TEXT    G=(none)   M=C:\BCC\BCC7\LIB\CW32.LIB|__strchr ACBP=A9
 0001:001AFEF0 00000037 C=CODE    S=_TEXT    G=(none)   M=C:\BCC\BCC7\LIB\CW32.LIB|_stpcpy ACBP=A9
 0001:001AFF28 00000055 C=CODE    S=_TEXT    G=(none)   M=C:\BCC\BCC7\LIB\CW32.LIB|memchr ACBP=A9
 0001:001AFF80 0000006C C=CODE    S=_TEXT    G=(none)   M=C:\BCC\BCC7\LIB\CW32.LIB|memcmp ACBP=A9
 0001:001AFFEC 00000016 C=CODE    S=_TEXT    G=(none)   M=C:\BCC\BCC7\LIB\CW32.LIB|memcpy ACBP=A9
 0001:001B0004 00000117 C=CODE    S=_TEXT    G=(none)   M=C:\BCC\BCC7\LIB\CW32.LIB|memmove ACBP=A9
 0001:001B011C 000000B3 C=CODE    S=_TEXT    G=(none)   M=C:\BCC\BCC7\LIB\CW32.LIB|memset ACBP=A9
 0001:001B01D0 0000005D C=CODE    S=_TEXT    G=(none)   M=C:\BCC\BCC7\LIB\CW32.LIB|strcat ACBP=A9
 0001:001B0230 0000004E C=CODE    S=_TEXT    G=(none)   M=C:\BCC\BCC7\LIB\CW32.LIB|strchr ACBP=A9
 0001:001B0280 0000004D C=CODE    S=_TEXT    G=(none)   M=C:\BCC\BCC7\LIB\CW32.LIB|strcmp ACBP=A9
 0001:001B02D0 00000049 C=CODE    S=_TEXT    G=(none)   M=C:\BCC\BCC7\LIB\CW32.LIB|strcpy ACBP=A9
 0001:001B031C 0000005A C=CODE    S=_TEXT    G=(none)   M=C:\BCC\BCC7\LIB\CW32.LIB|strlen ACBP=A9
 0001:001B0378 0000007A C=CODE    S=_TEXT    G=(none)   M=C:\BCC\BCC7\LIB\CW32.LIB|strncat ACBP=A9
 0001:001B03F4 0000005F C=CODE    S=_TEXT    G=(none)   M=C:\BCC\BCC7\LIB\CW32.LIB|strncmp ACBP=A9
 0001:001B0454 00000057 C=CODE    S=_TEXT    G=(none)   M=C:\BCC\BCC7\LIB\CW32.LIB|wcscmp ACBP=A9
 0001:001B04AC 0000001C C=CODE    S=_TEXT    G=(none)   M=C:\BCC\BCC7\LIB\CW32.LIB|wmemcpy ACBP=A9
 0001:001B04C8 000000DF C=CODE    S=_TEXT    G=(none)   M=C:\BCC\BCC7\LIB\CW32.LIB|wmemset ACBP=A9
 0001:001B05A8 00000040 C=CODE    S=_TEXT    G=(none)   M=C:\BCC\BCC7\LIB\CW32.LIB|__access ACBP=A9
 0001:001B05E8 00000063 C=CODE    S=_TEXT    G=(none)   M=C:\BCC\BCC7\LIB\CW32.LIB|__close ACBP=A9
 0001:001B064C 00000086 C=CODE    S=_TEXT    G=(none)   M=C:\BCC\BCC7\LIB\CW32.LIB|__eof ACBP=A9
 0001:001B06D4 00000047 C=CODE    S=_TEXT    G=(none)   M=C:\BCC\BCC7\LIB\CW32.LIB|__isatty ACBP=A9
 0001:001B071C 00000076 C=CODE    S=_TEXT    G=(none)   M=C:\BCC\BCC7\LIB\CW32.LIB|__lseek ACBP=A9
 0001:001B0794 00000214 C=CODE    S=_TEXT    G=(none)   M=C:\BCC\BCC7\LIB\CW32.LIB|__open ACBP=A9
 0001:001B09A8 0000019A C=CODE    S=_TEXT    G=(none)   M=C:\BCC\BCC7\LIB\CW32.LIB|__read ACBP=A9
 0001:001B0B44 00000214 C=CODE    S=_TEXT    G=(none)   M=C:\BCC\BCC7\LIB\CW32.LIB|__wopen ACBP=A9
 0001:001B0D58 000001DD C=CODE    S=_TEXT    G=(none)   M=C:\BCC\BCC7\LIB\CW32.LIB|__wread ACBP=A9
 0001:001B0F38 0000011C C=CODE    S=_TEXT    G=(none)   M=C:\BCC\BCC7\LIB\CW32.LIB|__write ACBP=A9
 0001:001B1054 00000011 C=CODE    S=_TEXT    G=(none)   M=C:\BCC\BCC7\LIB\CW32.LIB|_cfinfo ACBP=A9
 0001:001B1068 00000075 C=CODE    S=_TEXT    G=(none)   M=C:\BCC\BCC7\LIB\CW32.LIB|_read ACBP=A9
 0001:001B10DD 00000017 C=CODE    S=_TEXT    G=(none)   M=C:\BCC\BCC7\LIB\CW32.LIB|_umask ACBP=A9
 0001:001B10E0 0000002B C=CODE    S=_TEXT    G=(none)   M=C:\BCC\BCC7\LIB\CW32.LIB|_wfsopen ACBP=A9
 0001:001B110C 00000061 C=CODE    S=_TEXT    G=(none)   M=C:\BCC\BCC7\LIB\CW32.LIB|_write ACBP=A9
 0001:001B1170 0000007D C=CODE    S=_TEXT    G=(none)   M=C:\BCC\BCC7\LIB\CW32.LIB|allocbuf ACBP=A9
[...]
 0002:0030F9C0  @std@codecvt_base@3
 0002:0030F9DC  @std@%codecvt$cci%@3
 0002:0030FA08  std::fpos<int>::_Stz
 0002:0030FA0C  std::codecvt<char, char, int>::id
 0002:0030FA10  __vdflg__ std::codecvt<char, char, int>::id
 0002:0030FA14  std::_Facetptr<std::codecvt<char, char, int> >::_Psave
 0002:0030FA18  __odtbl__ std::codecvt_base::~codecvt_base()
 0002:0030FA28  __ectbl__ std::codecvt_base::~codecvt_base()
 0002:0030FA40  __thrwl__ std::codecvt_base::do_always_noconv() const
 0002:0030FA44  __ectbl__ std::codecvt_base::do_always_noconv() const
 0002:0030FA50  __thrwl__ std::codecvt_base::do_max_length() const
 0002:0030FA54  __ectbl__ std::codecvt_base::do_max_length() const
 0002:0030FA60  __thrwl__ std::codecvt_base::do_encoding() const
 0002:0030FA64  __ectbl__ std::codecvt_base::do_encoding() const
 0002:0030FA70  __odtbl__ std::codecvt<char, char, int>::~codecvt<char, char, int>()
 0002:0030FA80  __ectbl__ std::codecvt<char, char, int>::~codecvt<char, char, int>()
 0002:0030FA98  D3009_1
 0002:0030FB78  std::num_get<char, std::istreambuf_iterator<char, std::char_traits<char> > >::id
 0002:0030FB7C  __vdflg__ std::num_get<char, std::istreambuf_iterator<char, std::char_traits<char> > >::id
 0002:0030FB80  std::num_put<char, std::ostreambuf_iterator<char, std::char_traits<char> > >::id
 0002:0030FB84  __vdflg__ std::num_put<char, std::ostreambuf_iterator<char, std::char_traits<char> > >::id
 0002:0030FB88  std::numpunct<char>::id
 0002:0030FB8C  __vdflg__ std::numpunct<char>::id
 0002:0030FB90  __thrwl__ std::bad_alloc::bad_alloc()
 0002:0030FB94  __odtbl__ std::bad_alloc::bad_alloc()
 0002:0030FBA4  __ectbl__ std::bad_alloc::bad_alloc()
 0002:0030FBBC  __ectbl__ std::bad_alloc::bad_alloc(std::bad_alloc&)
 0002:0030FBC8  __thrwl__ std::bad_alloc::~bad_alloc()
 0002:0030FBCC  __ectbl__ std::bad_alloc::~bad_alloc()
 0002:0030FBD8  @std@bad_alloc@3
 0002:0030FBEC  @std@locale@_Locimp@3
 0002:0030FBFC  __thrwl__ std::bad_alloc::what() const
 0002:0030FC00  __ectbl__ std::bad_alloc::what() const
 0002:0030FC0C  D3011_1
 0002:0030FCA4  __odtbl__ std::_Fac_tidy()
 0002:0030FCD4  __ectbl__ std::_Fac_tidy()
 0002:0030FD1C  __odtbl__ std::_Deletegloballocale(void *)
 0002:0030FD2C  __ectbl__ std::_Deletegloballocale(void *)
 0002:0030FD5C  __ectbl__ std::_Setgloballocale(void *)
 0002:0030FD74  std::locale::_Locimp::_Clocptr
 0002:0030FD78  std::locale::id::_Id_cnt
 0002:0030FD7C  std::ctype<char>::id
 0002:0030FD80  __vdflg__ std::ctype<char>::id
 0002:0030FD84  std::ctype<wchar_t>::id
 0002:0030FD88  __vdflg__ std::ctype<wchar_t>::id
 0002:0030FD8C  std::codecvt<wchar_t, char, int>::id
 0002:0030FD90  __vdflg__ std::codecvt<wchar_t, char, int>::id
 0002:0030FD94  std::codecvt<char16_t, char, int>::id
 0002:0030FD98  __vdflg__ std::codecvt<char16_t, char, int>::id
 0002:0030FD9C  std::codecvt<char32_t, char, int>::id
 0002:0030FDA0  __vdflg__ std::codecvt<char32_t, char, int>::id
 0002:0030FDA4  std::ctype<char>::table_size
 0002:0030FDA8  __thrwl__ std::locale::locale()
 0002:0030FDAC  __odtbl__ std::locale::locale()
 0002:0030FDBC  __ectbl__ std::locale::locale()
 0002:0030FDE0  __odtbl__ std::locale::_Init()
 0002:0030FE20  __ectbl__ std::locale::_Init()
 0002:0030FE8C  __odtbl__ std::locale::facet::_Register()
 0002:0030FE9C  __ectbl__ std::locale::facet::_Register()
 0002:0030FECC  __odtbl__ std::locale::_Locimp::_Locimp(bool)
 0002:0030FEDC  __ectbl__ std::locale::_Locimp::_Locimp(bool)
 0002:0030FF00  __odtbl__ std::locale::_Locimp::~_Locimp()
 0002:0030FF3C  __ectbl__ std::locale::_Locimp::~_Locimp()
 0002:0030FF84  __odtbl__ std::_Locinfo::_Locinfo(std::basic_string<char, std::char_traits<char>, std::allocator<char> >&)
 0002:0030FF94  __ectbl__ std::_Locinfo::_Locinfo(std::basic_string<char, std::char_traits<char>, std::allocator<char> >&)
 0002:0030FFB8  __odtbl__ std::_Locinfo::~_Locinfo()
 0002:0030FFE4  __ectbl__ std::_Locinfo::~_Locinfo()
 0002:00310008  __odtbl__ std::_Fac_node::~_Fac_node()
 0002:00310018  __ectbl__ std::_Fac_node::~_Fac_node()
 0002:00310048  __odtbl__ std::_Fac_deletable::~_Fac_deletable()
 0002:00310058  __ectbl__ std::_Fac_deletable::~_Fac_deletable()
 0002:00310070  @std@_Fac_deletable@3
 0002:00310080  D3013_1
 0002:00310080  std::_New_hand
 0002:00310084  D3015_1
 0002:003100A8  D3019_1
 0002:00310198  D3024_1
 0002:003101C4  __odtbl__ std::_String_base::_Xlen() const
 0002:003101F0  __ectbl__ std::_String_base::_Xlen() const
 0002:00310214  __odtbl__ std::_String_base::_Xran() const
 0002:00310240  __ectbl__ std::_String_base::_Xran() const
 0002:00310264  __thrwl__ std::length_error::~length_error()
 0002:00310268  __odtbl__ std::length_error::~length_error()
 0002:00310278  __ectbl__ std::length_error::~length_error()
 0002:00310290  __ectbl__ std::length_error::length_error(std::length_error&)
 0002:0031029C  __odtbl__ std::logic_error::logic_error(std::basic_string<char, std::char_traits<char>, std::allocator<char> >&)
 0002:003102AC  __ectbl__ std::logic_error::logic_error(std::basic_string<char, std::char_traits<char>, std::allocator<char> >&)
 0002:003102D0  __thrwl__ std::out_of_range::~out_of_range()
 0002:003102D4  __odtbl__ std::out_of_range::~out_of_range()
 0002:003102E4  __ectbl__ std::out_of_range::~out_of_range()
 0002:003102FC  __ectbl__ std::out_of_range::out_of_range(std::out_of_range&)
 0002:00310308  __thrwl__ std::logic_error::~logic_error()
 0002:0031030C  __odtbl__ std::logic_error::~logic_error()
 0002:0031031C  __ectbl__ std::logic_error::~logic_error()
 0002:00310334  @std@logic_error@3
 0002:00310348  @std@out_of_range@3
 0002:0031035C  @std@length_error@3
 0002:00310370  __thrwl__ std::logic_error::what() const
 0002:00310374  __ectbl__ std::logic_error::what() const
 0002:00310380  D3032_1
 0002:00310418  std::_Winit::_Init_cnt
 0002:0031041C  __odtbl__ std::_Winit::_Winit()
 0002:0031070C  __ectbl__ std::_Winit::_Winit()
 0002:00310A54  __odtbl__ std::_Winit::~_Winit()
 0002:00310A74  __ectbl__ std::_Winit::~_Winit()
 0002:00310A98  __odtbl__ std::basic_ios<wchar_t, std::char_traits<wchar_t> >::~basic_ios<wchar_t, std::char_traits<wchar_t> >()
 0002:00310AA8  __ectbl__ std::basic_ios<wchar_t, std::char_traits<wchar_t> >::~basic_ios<wchar_t, std::char_traits<wchar_t> >()
 0002:00310AC0  __odtbl__ std::basic_filebuf<wchar_t, std::char_traits<wchar_t> >::_Endwrite()
 0002:00310AE0  __ectbl__ std::basic_filebuf<wchar_t, std::char_traits<wchar_t> >::_Endwrite()
 0002:00310B04  __odtbl__ std::basic_ostream<wchar_t, std::char_traits<wchar_t> >::~basic_ostream<wchar_t, std::char_traits<wchar_t> >()
 0002:00310B14  __ectbl__ std::basic_ostream<wchar_t, std::char_traits<wchar_t> >::~basic_ostream<wchar_t, std::char_traits<wchar_t> >()
 0002:00310B2C  __odtbl__ std::basic_istream<wchar_t, std::char_traits<wchar_t> >::~basic_istream<wchar_t, std::char_traits<wchar_t> >()
 0002:00310B3C  __ectbl__ std::basic_istream<wchar_t, std::char_traits<wchar_t> >::~basic_istream<wchar_t, std::char_traits<wchar_t> >()
 0002:00310B54  __odtbl__ std::basic_filebuf<wchar_t, std::char_traits<wchar_t> >::~basic_filebuf<wchar_t, std::char_traits<wchar_t> >()
 0002:00310B64  __ectbl__ std::basic_filebuf<wchar_t, std::char_traits<wchar_t> >::~basic_filebuf<wchar_t, std::char_traits<wchar_t> >()
 0002:00310B7C  @std@%basic_ostream$b19std@%char_traits$b%%@3
 0002:00310B98  @std@%basic_ios$b19std@%char_traits$b%%@3
 0002:00310BA8  @std@%basic_istream$b19std@%char_traits$b%%@3
 0002:00310BC4  @std@%basic_streambuf$b19std@%char_traits$b%%@3
 0002:00310C0C  @std@%basic_filebuf$b19std@%char_traits$b%%@3
 0002:00310C54  __ectbl__ std::basic_streambuf<wchar_t, std::char_traits<wchar_t> >::~basic_streambuf<wchar_t, std::char_traits<wchar_t> >()
 0002:00310C60  __odtbl__ std::basic_filebuf<wchar_t, std::char_traits<wchar_t> >::overflow(wchar_t)
 0002:00310C80  __ectbl__ std::basic_filebuf<wchar_t, std::char_traits<wchar_t> >::overflow(wchar_t)
 0002:00310CA4  __odtbl__ std::basic_filebuf<wchar_t, std::char_traits<wchar_t> >::uflow()
 0002:00310CC4  __ectbl__ std::basic_filebuf<wchar_t, std::char_traits<wchar_t> >::uflow()
 0002:00310CE8  __odtbl__ std::basic_filebuf<wchar_t, std::char_traits<wchar_t> >::imbue(std::locale&)
 0002:00310D60  __ectbl__ std::basic_filebuf<wchar_t, std::char_traits<wchar_t> >::imbue(std::locale&)
 0002:00310DCC  @std@%codecvt$bci%@3
 0002:00310DF8  std::_Facetptr<std::codecvt<wchar_t, char, int> >::_Psave
 0002:00310DFC  __odtbl__ std::codecvt<wchar_t, char, int>::~codecvt<wchar_t, char, int>()
 0002:00310E0C  __ectbl__ std::codecvt<wchar_t, char, int>::~codecvt<wchar_t, char, int>()
 0002:00310E24  __thrwl__ std::codecvt<wchar_t, char, int>::do_always_noconv() const
 0002:00310E28  __ectbl__ std::codecvt<wchar_t, char, int>::do_always_noconv() const
 0002:00310E34  __thrwl__ std::codecvt<wchar_t, char, int>::do_max_length() const
 0002:00310E38  __ectbl__ std::codecvt<wchar_t, char, int>::do_max_length() const
 0002:00310E44  __thrwl__ std::codecvt<wchar_t, char, int>::do_encoding() const
 0002:00310E48  __ectbl__ std::codecvt<wchar_t, char, int>::do_encoding() const
 0002:00310E54  D3040_1
 0002:00311054  D3044_1
 0002:003110B8  D3186_1
 0002:003111C8  D3198_1
 0002:003111CC  __heap_redirector
 0002:003111EC  __stkchk
 0002:003111EC  D3212_0
 0002:003111F0  D3228_1
 0002:003112AC  __FastMM_IsMultiThread
 0002:003112AC  D3232_1
 0002:003112AD  __FastMM_ReportMemoryLeaksOnShutdown
 0002:003112AE  __FastMM_NeverSleepOnMMThreadContention
 0002:003112E0  __FastMM_MemoryManager
 0002:003112F8  __FastMM_SmallBlockTypes
 0002:003119D8  __FastMM_MediumBlocksLocked
 0002:00311A60  __cfinfo_get
 0002:00311A60  D3522_1
 0002:00311A64  D3554_1
 0002:00311A64  __notUmask
 0002:00311A68  __fileinfo
 0002:00311A68  D3574_0
 0002:00311A6C  __streams
 0002:00311A6C  D3632_0
 0002:00311F1C  D3634_0
 0002:00311F1C  __nfile
 0002:00311F20  __openfd
 0002:00311FE8  D3642_0
 0002:00311FE8  __fmode
 0002:00311FEC  __fmodeptr
 0002:00311FEC  D3644_1
 0002:00311FF0  __dosErrorToSV
 0002:00311FF0  D3724_1
 0002:0031211C  D3743_1
 0002:00312128  __sys_errlist
 0002:00312128  D3749_1
 0002:003121F0  __sys_nerr
 0002:003125BC  D3878_1
 0002:00312634  __chartype
 0002:00312634  D4036_0
 0002:00312838  D4038_1
 0002:00312838  __localeconvention
 0002:00312868  ___force
 0002:00312878  D4040_1
 0002:003128C8  __lower
 0002:003128C8  D4042_0
 0002:003129C8  __upper
 0002:003129C8  D4046_0
 0002:00312AC8  ___mb_cur_max
 0002:00312AC8  D4062_1
 0002:00312ACC  ___localeLock
 0002:00312BE0  D4064_0
 0002:00312BE0  _CMonetary
 0002:00312C14  _CNumeric
 0002:00312C2A  _CTimeDate
 0002:00312CEC  _CLOCALE
 0002:00312D18  ___locale
 0002:00312E3C  D4066_1
 0002:00312EC8  D4192_1
 0002:00312ED8  _e0to7
 0002:00312ED8  D4198_1
 0002:00312F28  _e8
 0002:00312F34  _e16
 0002:00312F3E  _e32
 0002:00312F48  _e64
 0002:00312F52  _e128
 0002:00312F5C  _e256
 0002:00312F66  _e512
 0002:00312F70  _e1024
 0002:00312F7A  _e2048
 0002:00312F84  _e4096
 0002:00312F8E  _eINF
 0002:00312F98  D4205_1
 0002:00312FB4  D4235_1
 0002:00312FC0  __realcvtptr
 0002:00312FC0  D4253_1
 0002:00312FC4  __nextrealptr
 0002:00312FC8  __scantodptr
 0002:00312FCC  __scanrsltptr
 0002:00313028  __realcvtwptr
 0002:00313028  D4255_1
 0002:0031302C  __nextrealwptr
 0002:00313030  __scanwtodptr
 0002:00313034  __scanwrsltptr
 0002:00313090  __default87
 0002:00313090  D4257_0
 0002:00313094  D4263_1
 0002:003130A0  D4271_1
 0002:003130B4  D4273_1
 0002:003130CC  __huge_flt
 0002:003130CC  D4311_0
 0002:003130D0  __huge_dble
 0002:003130D8  __huge_ldble
 0002:003130E2  __max_flt
 0002:003130E6  __max_dble
 0002:003130EE  __max_ldble
 0002:003130F8  __indefinite
 0002:003130FC  __tiny_ldble
 0002:00313108  ___ieee_64_p_inf
 0002:00313110  ___ieee_64_n_inf
 0002:00313118  ___ieee_64_p_nanq
 0002:00313120  ___ieee_64_n_nanq
 0002:00313128  ___ieee_64_p_nans
 0002:00313130  ___ieee_64_n_nans
 0002:00313138  ___ieee_64_p_zero
 0002:00313140  ___ieee_64_n_zero
 0002:00313148  __turboFloat
 0002:00313148  D4321_0
 0002:0031314C  __floatconvert
 0002:00313150  D4339_1
 0002:0031315C  D4341_1
 0002:0031316C  __pmatherr
 0002:0031316C  D4363_1
 0002:00313170  __pmatherrl
 0002:00313174  D4367_0
 0002:00313174  __mathwhy
 0002:003131B8  D4377_1
 0002:003131D4  D4389_1
 0002:003131DC  D4391_1
 0002:003131F0  D4393_1
 0002:00313218  D4400_1
 0002:00313240  D4402_1
 0002:00313268  D4404_1
 0002:00313274  D4412_1
 0002:00313284  D4470_1
 0002:00313284  __kalpha
 0002:00313286  __kpunct
 0002:003132CC  D4610_1
 0002:003132F0  D4628_1
 0002:00313314  _errno
 0002:00313314  D4630_1
 0002:00313318  __messagefunc
 0002:00313318  D4632_1
 0002:0031331C  __messagefile
 0002:00313328  D4642_1
 0002:00313348  D4663_1
 0002:00313384  ___pCallAtExitProcs
 0002:00313384  D4665_0
 0002:00313388  __exitbuf
 0002:00313388  D4701_1
 0002:0031338C  __exitfopen
 0002:00313390  __exitopen
 0002:00313394  __setargv_ptr
 0002:00313394  D4723_0
 0002:00313398  __exitargv_ptr
 0002:0031339C  __wsetargv_ptr
 0002:0031339C  D4725_0
 0002:003133A0  __wexitargv_ptr
 0002:003133A4  __setargv__
 0002:003133A4  D4727_1
 0002:003133F8  D4729_1
 0002:003133F8  __cmdline_escapes
 0002:00313420  D4731_1
 0002:00313444  __argv_expand_ptr
 0002:00313444  D4784_0
 0002:00313448  D4786_0
 0002:00313448  __wargv_expand_ptr
 0002:0031344C  D4788_1
 0002:0031344C  __argv0
 0002:0031346C  __setenvp__
 0002:0031346C  D4800_1
 0002:003134C0  D4814_1
 0002:00313520  D4826_0
 0002:00313520  __isWindows
 0002:00313524  D4827_1
 0002:00313528  D4867_0
 0002:00313528  __SWeekday
 0002:00313544  __LWeekday
 0002:00313560  __SMonth
 0002:00313590  __LMonth
 0002:003135C0  __AmPm
 0002:003135C8  __Days
 0002:003135D4  __YDays
 0002:003136EC  __PREFER_END_STANDARD_TIME
 0002:003136EC  D4871_1
 0002:003136ED  __PREFER_START_DAYLIGHT_TIME
 0002:003136F4  __timezone
 0002:003136F4  D4873_1
 0002:003136F8  __daylight
 0002:003136FC  D4875_1
 0002:003136FC  __tzname
 0002:00313710  D4881_1
 0002:00313714  D4908_0
 0002:00313714  ___xxPersonality
 0002:00313718  D4910_1
 0002:00313A54  __thrwl__ std::bad_typeid::~bad_typeid()
 0002:00313A58  __ectbl__ std::bad_typeid::~bad_typeid()
 0002:00313A64  @std@bad_typeid@3
 0002:00313A78  D4912_1
 0002:00313A78  ___terminatePTR
 0002:00313A7C  ___unexpectdPTR
 0002:00313A80  ___CPPexceptionList
 0002:00313A80  D4914_1
 0002:00313A84  ___exceptFlags
 0002:00313A88  ___throwFileName
 0002:00313A8C  ___throwLineNumber
 0002:00313A90  ___throwExceptionName
 0002:00313A94  ___exceptStaticBuffP
 0002:00313A98  ___exceptMemAllocVars
 0002:00313A9C  ___ExceptStaticXbuff
 0002:00313B1C  __ExceptVarsSize
 0002:00313B30  __chtbl__ __call_terminate()
 0002:00313B50  __ectbl__ __call_terminate()
 0002:00313B68  D4920_1
 0002:00313B78  D4954_1
 0002:00313B78  ___debuggerDisableTerminateCallback
 0002:003144AC  __odtbl__ ___ExceptionHandler(_EXCEPTION_RECORD *, ERRbc *, _CONTEXT *, void *, unsigned long, unsigned long, unsigned long, unsigned long, unsigned long, unsigned long)
 0002:003144BC  __ectbl__ ___ExceptionHandler(_EXCEPTION_RECORD *, ERRbc *, _CONTEXT *, void *, unsigned long, unsigned long, unsigned long, unsigned long, unsigned long, unsigned long)
 0002:003144E0  __thrwl__ std::bad_exception::bad_exception()
 0002:003144E4  __odtbl__ std::bad_exception::bad_exception()
 0002:003144F4  __ectbl__ std::bad_exception::bad_exception()
 0002:0031450C  __thrwl__ std::bad_exception::~bad_exception()
 0002:00314510  __odtbl__ std::bad_exception::~bad_exception()
 0002:00314520  __ectbl__ std::bad_exception::~bad_exception()
 0002:00314538  __ectbl__ std::bad_exception::bad_exception(std::bad_exception&)
 0002:00314544  @std@bad_exception@3
 0002:00314558  _GUID_NULL
 0002:00314558  D4955_0
 0002:00314568  _IID_IUnknown
 0002:00314578  _IID_IRichEditOleCallback
 0002:00314588  _IID_IEnumVARIANT
 0002:00314598  _IID_IDispatch
 0002:003145A8  _IID_IDataObject
 0002:003145B8  _IID_IPersistStreamInit
 0002:003145C8  _IID_IOleControlSite
 0002:003145D8  _IID_IProvideClassInfo2
 0002:003145E8  _IID_IProvideClassInfo
 0002:003145F8  _IID_IConnectionPointContainer
 0002:00314608  _IID_IOleInPlaceSite
 0002:00314618  _IID_IOleInPlaceObject
 0002:00314628  _IID_IOleInPlaceFrame
 0002:00314638  _IID_IOleInPlaceUIWindow
 0002:00314648  _IID_IOleWindow
 0002:00314658  _IID_IOleObject
 0002:00314668  _IID_IOleClientSite
 0003:00000000  _pHTMLHELP
 0003:00000000  B256_2
 0003:00000004  _fp
 0003:00000004  B356_2
 0003:00000008  _nDocLen
 0003:0000000C  B686_2
 0003:0000177C  B690_2
 0003:0000190C  B692_2
 0003:00001A30  B702_2
 0003:00001A30  _gdiplusStartupInput
 0003:00001A40  _gdiplusToken
 0003:00001A44  B736_2
 0003:00001B48  B740_2
 0003:00001BA0  B844_2
 0003:00001C48  B866_2
 0003:00001C4C  B882_2
 0003:00001CEC  B918_1
 0003:00001D64  B922_2
 0003:00001DE0  B942_2
 0003:00001F20  B968_2
 0003:00001F28  B978_2
 0003:00001F6C  B1000_2
 0003:00001F84  B1002_2
 0003:00001F9C  _item
 0003:00001F9C  B1026_2
 0003:00001FB8  _itemw
 0003:00001FB8  B1028_2
 0003:00001FD4  _fnIsWow64Process
 0003:00001FD4  B1076_2
 0003:00001FD8  B1104_2
 0003:000020E8  B1118_2
 0003:000023E8  B1174_2
 0003:000025E8  B1206_2
 0003:000025F0  B1254_2
 0003:0000267C  B1284_1
 0003:00002680  B1645_2
 0003:00002C2C  _hb_stack
 0003:00002C2C  B1655_2
 0003:00002F18  B1657_2
 0003:00002F30  B1659_2
 0003:00003120  B1727_2
 0003:00003318  B1801_2
 0003:00003328  B1821_2
 0003:000034B8  B1847_2
 0003:00003648  B1873_2
 0003:000037DC  B1875_2
 0003:0000396C  B1879_2
 0003:00003AFC  B2324_2
 0003:00003B08  B2396_2
 0003:00003B18  B3005_2
 0003:00003B18  std::_Ios_init
 0003:00003B20  std::_Wios_init
 0003:00003BD8  std::cin
 0003:00003C28  std::cout
 0003:00003CC8  std::cerr
 0003:00003D10  std::clog
 0003:00003D5C  B3009_2
 0003:00003D64  B3011_2
 0003:00003D74  B3019_2
 0003:00003D78  B3032_2
 0003:00003E80  std::wcin
 0003:00003ED0  std::wcout
 0003:00003F18  std::wcerr
 0003:00003F60  std::wclog
 0003:00003FAC  B3044_2
 0003:00003FB4  __bormm_pfn_FreeMem
 0003:00003FB4  B3186_2
 0003:00003FB8  __bormm_pfn_GetMem
 0003:00003FBC  __bormm_pfn_AllocMem
 0003:00003FC0  __bormm_pfn_ReallocMem
 0003:00003FC4  __bormm_pfn_HeapAddRef
 0003:00003FC8  __bormm_pfn_HeapRelease
 0003:00003FD0  __borlndmm_GetMem
 0003:00003FD4  B3232_2
 0003:00003FE5  __FastMM_AllocSize2SmallBlockTypeIndX4
 0003:0000412C  __FastMM_LastSequentiallyFedMediumBlock
 0003:00004130  __FastMM_MediumSequentialFeedBytesLeft
 0003:00004134  __FastMM_MediumBlockBinGroupBitmap
 0003:00004138  __FastMM_MediumBlockBinBitmaps
 0003:000041B8  __FastMM_MediumBlockBins
 0003:000061D0  B3634_1
 0003:000061D0  __pidtab
 0003:00006298  __handles
 0003:00006360  B3724_2
 0003:00006360  __doserrno
 0003:00006364  B3728_1
 0003:00006368  B3730_1
 0003:0000636C  B3743_2
 0003:0000636C  __tmpnum
 0003:0000637C  __mbctype
 0003:0000637C  B4470_2
 0003:00006480  __mbcsCodePage
 0003:00006484  B4610_2
 0003:00006584  B4628_2
 0003:000065A0  B4644_1
 0003:000065A8  B4727_2
 0003:000065A8  __argv
 0003:000065B4  B4729_2
 0003:000065B8  B4731_2
 0003:000065BC  B4800_2
 0003:000065BC  __environ
 0003:000065C4  __envsize
 0003:000065C8  __env_lock
 0003:000065CC  __C0argc
 0003:000065CC  B4826_1
 0003:000065D0  __C0argv
 0003:000065D4  __C0environ
 0003:000065D8  __oscmd
 0003:000065DC  __osenv
 0003:000065E0  __argc
 0003:000065E4  __dll_table
 0003:000065EC  __ExcRegPtr
 0003:000065F0  __wosenv
 0003:000065F4  __woscmd
 0003:000065F8  __wC0argv
 0003:000065FC  __wC0environ
 0003:00006600  __exe_table
 0003:00006608  __stkbase
 0003:0000660C  B4875_2
 0003:00006614  B4910_2
 0003:00006A1C  __DestructorCountPtr
 0003:00006A1C  B4914_2
 0003:00006A24  __HandlerPtr
 0003:00006A24  B4920_2
 0003:00006A28  __UserHandlerPtr
 0003:00006A2C  B4954_2
 0003:00006A30  ___pCPPdebugHook
 0003:00006A34  _pVCL_add_EH
 0003:00006A38  _pVCL_clear_EH
 0003:00006A3C  _getExceptionObject
 0003:00006A40  _raiseExceptObject
 0004:00000000  ___xxInfo
 0004:00000000  T4914_3
